  Determinando los proyectos que se van a restaurar...
  Todos los proyectos est├ín actualizados para la restauraci├│n.
C:\Users\aquil\OneDrive\Escritorio\Nueva carpeta\SENA\MANOTAS\EVALUACI├ôN C#\CLINICA_SAN_MANOTAS\CLINICA_SAN_MANOTAS\CLINICA_SAN_MANOTAS\SistemaEmpleadosMySQL\UI\Forms\UsuariosForm.cs(59,45): warning CS8622: La nulabilidad de los tipos de referencia del tipo de par├ímetro"sender" de "void UsuariosForm.DgvUsuarios_SelectionChanged(object sender, EventArgs e)" no coincide con el delegado de destino "EventHandler" (posiblemente debido a los atributos de nulabilidad). [C:\Users\aquil\OneDrive\Escritorio\Nueva carpeta\SENA\MANOTAS\EVALUACI├ôN C#\CLINICA_SAN_MANOTAS\CLINICA_SAN_MANOTAS\CLINICA_SAN_MANOTAS\CLINICA_SAN_MANOTAS.csproj]
C:\Users\aquil\OneDrive\Escritorio\Nueva carpeta\SENA\MANOTAS\EVALUACI├ôN C#\CLINICA_SAN_MANOTAS\CLINICA_SAN_MANOTAS\CLINICA_SAN_MANOTAS\SistemaEmpleadosMySQL\Repositories\UsuarioRepository.cs(260,24): warning CS8603: Posible tipo de valor devuelto de referencia nulo. [C:\Users\aquil\OneDrive\Escritorio\Nueva carpeta\SENA\MANOTAS\EVALUACI├ôN C#\CLINICA_SAN_MANOTAS\CLINICA_SAN_MANOTAS\CLINICA_SAN_MANOTAS\CLINICA_SAN_MANOTAS.csproj]
C:\Users\aquil\OneDrive\Escritorio\Nueva carpeta\SENA\MANOTAS\EVALUACI├ôN C#\CLINICA_SAN_MANOTAS\CLINICA_SAN_MANOTAS\CLINICA_SAN_MANOTAS\SistemaEmpleadosMySQL\UI\Forms\UsuariosForm.cs(116,21): error CS0117: 'Usuario' no contiene una definici├│n para 'Rol' [C:\Users\aquil\OneDrive\Escritorio\Nueva carpeta\SENA\MANOTAS\EVALUACI├ôN C#\CLINICA_SAN_MANOTAS\CLINICA_SAN_MANOTAS\CLINICA_SAN_MANOTAS\CLINICA_SAN_MANOTAS.csproj]
C:\Users\aquil\OneDrive\Escritorio\Nueva carpeta\SENA\MANOTAS\EVALUACI├ôN C#\CLINICA_SAN_MANOTAS\CLINICA_SAN_MANOTAS\CLINICA_SAN_MANOTAS\SistemaEmpleadosMySQL\UI\Forms\UsuariosForm.cs(116,27): warning CS8602: Desreferencia de una referencia posiblemente NULL. [C:\Users\aquil\OneDrive\Escritorio\Nueva carpeta\SENA\MANOTAS\EVALUACI├ôN C#\CLINICA_SAN_MANOTAS\CLINICA_SAN_MANOTAS\CLINICA_SAN_MANOTAS\CLINICA_SAN_MANOTAS.csproj]
C:\Users\aquil\OneDrive\Escritorio\Nueva carpeta\SENA\MANOTAS\EVALUACI├ôN C#\CLINICA_SAN_MANOTAS\CLINICA_SAN_MANOTAS\CLINICA_SAN_MANOTAS\SistemaEmpleadosMySQL\UI\Forms\UsuariosForm.cs(155,39): warning CS8602: Desreferencia de una referencia posiblemente NULL. [C:\Users\aquil\OneDrive\Escritorio\Nueva carpeta\SENA\MANOTAS\EVALUACI├ôN C#\CLINICA_SAN_MANOTAS\CLINICA_SAN_MANOTAS\CLINICA_SAN_MANOTAS\CLINICA_SAN_MANOTAS.csproj]
C:\Users\aquil\OneDrive\Escritorio\Nueva carpeta\SENA\MANOTAS\EVALUACI├ôN C#\CLINICA_SAN_MANOTAS\CLINICA_SAN_MANOTAS\CLINICA_SAN_MANOTAS\SistemaEmpleadosMySQL\UI\Forms\CitasForm.cs(154,29): error CS0103: El nombre 'txtNotas' no existe en el contexto actual [C:\Users\aquil\OneDrive\Escritorio\Nueva carpeta\SENA\MANOTAS\EVALUACI├ôN C#\CLINICA_SAN_MANOTAS\CLINICA_SAN_MANOTAS\CLINICA_SAN_MANOTAS\CLINICA_SAN_MANOTAS.csproj]
C:\Users\aquil\OneDrive\Escritorio\Nueva carpeta\SENA\MANOTAS\EVALUACI├ôN C#\CLINICA_SAN_MANOTAS\CLINICA_SAN_MANOTAS\CLINICA_SAN_MANOTAS\SistemaEmpleadosMySQL\UI\Forms\CitasForm.cs(148,34): warning CS8605: Conversi├│n unboxing a un valor posiblemente NULL. [C:\Users\aquil\OneDrive\Escritorio\Nueva carpeta\SENA\MANOTAS\EVALUACI├ôN C#\CLINICA_SAN_MANOTAS\CLINICA_SAN_MANOTAS\CLINICA_SAN_MANOTAS\CLINICA_SAN_MANOTAS.csproj]
C:\Users\aquil\OneDrive\Escritorio\Nueva carpeta\SENA\MANOTAS\EVALUACI├ôN C#\CLINICA_SAN_MANOTAS\CLINICA_SAN_MANOTAS\CLINICA_SAN_MANOTAS\SistemaEmpleadosMySQL\UI\Forms\CitasForm.cs(149,32): warning CS8605: Conversi├│n unboxing a un valor posiblemente NULL. [C:\Users\aquil\OneDrive\Escritorio\Nueva carpeta\SENA\MANOTAS\EVALUACI├ôN C#\CLINICA_SAN_MANOTAS\CLINICA_SAN_MANOTAS\CLINICA_SAN_MANOTAS\CLINICA_SAN_MANOTAS.csproj]
C:\Users\aquil\OneDrive\Escritorio\Nueva carpeta\SENA\MANOTAS\EVALUACI├ôN C#\CLINICA_SAN_MANOTAS\CLINICA_SAN_MANOTAS\CLINICA_SAN_MANOTAS\SistemaEmpleadosMySQL\Repositories\UsuarioRepository.cs(60,24): warning CS8603: Posible tipo de valor devuelto de referencia nulo. [C:\Users\aquil\OneDrive\Escritorio\Nueva carpeta\SENA\MANOTAS\EVALUACI├ôN C#\CLINICA_SAN_MANOTAS\CLINICA_SAN_MANOTAS\CLINICA_SAN_MANOTAS\CLINICA_SAN_MANOTAS.csproj]
C:\Users\aquil\OneDrive\Escritorio\Nueva carpeta\SENA\MANOTAS\EVALUACI├ôN C#\CLINICA_SAN_MANOTAS\CLINICA_SAN_MANOTAS\CLINICA_SAN_MANOTAS\SistemaEmpleadosMySQL\UI\Forms\CitasForm.cs(192,37): error CS0103: El nombre 'txtNotas' no existe en el contexto actual [C:\Users\aquil\OneDrive\Escritorio\Nueva carpeta\SENA\MANOTAS\EVALUACI├ôN C#\CLINICA_SAN_MANOTAS\CLINICA_SAN_MANOTAS\CLINICA_SAN_MANOTAS\CLINICA_SAN_MANOTAS.csproj]
C:\Users\aquil\OneDrive\Escritorio\Nueva carpeta\SENA\MANOTAS\EVALUACI├ôN C#\CLINICA_SAN_MANOTAS\CLINICA_SAN_MANOTAS\CLINICA_SAN_MANOTAS\SistemaEmpleadosMySQL\UI\Forms\CitasForm.cs(186,42): warning CS8605: Conversi├│n unboxing a un valor posiblemente NULL. [C:\Users\aquil\OneDrive\Escritorio\Nueva carpeta\SENA\MANOTAS\EVALUACI├ôN C#\CLINICA_SAN_MANOTAS\CLINICA_SAN_MANOTAS\CLINICA_SAN_MANOTAS\CLINICA_SAN_MANOTAS.csproj]
C:\Users\aquil\OneDrive\Escritorio\Nueva carpeta\SENA\MANOTAS\EVALUACI├ôN C#\CLINICA_SAN_MANOTAS\CLINICA_SAN_MANOTAS\CLINICA_SAN_MANOTAS\SistemaEmpleadosMySQL\UI\Forms\CitasForm.cs(187,40): warning CS8605: Conversi├│n unboxing a un valor posiblemente NULL. [C:\Users\aquil\OneDrive\Escritorio\Nueva carpeta\SENA\MANOTAS\EVALUACI├ôN C#\CLINICA_SAN_MANOTAS\CLINICA_SAN_MANOTAS\CLINICA_SAN_MANOTAS\CLINICA_SAN_MANOTAS.csproj]
C:\Users\aquil\OneDrive\Escritorio\Nueva carpeta\SENA\MANOTAS\EVALUACI├ôN C#\CLINICA_SAN_MANOTAS\CLINICA_SAN_MANOTAS\CLINICA_SAN_MANOTAS\SistemaEmpleadosMySQL\Repositories\UsuarioRepository.cs(86,24): warning CS8603: Posible tipo de valor devuelto de referencia nulo. [C:\Users\aquil\OneDrive\Escritorio\Nueva carpeta\SENA\MANOTAS\EVALUACI├ôN C#\CLINICA_SAN_MANOTAS\CLINICA_SAN_MANOTAS\CLINICA_SAN_MANOTAS\CLINICA_SAN_MANOTAS.csproj]
C:\Users\aquil\OneDrive\Escritorio\Nueva carpeta\SENA\MANOTAS\EVALUACI├ôN C#\CLINICA_SAN_MANOTAS\CLINICA_SAN_MANOTAS\CLINICA_SAN_MANOTAS\SistemaEmpleadosMySQL\UI\Forms\CitasForm.cs(222,46): error CS1503: Argumento 1: no se puede convertir de 'int' a 'SistemaEmpleadosMySQL.Model.Cita' [C:\Users\aquil\OneDrive\Escritorio\Nueva carpeta\SENA\MANOTAS\EVALUACI├ôN C#\CLINICA_SAN_MANOTAS\CLINICA_SAN_MANOTAS\CLINICA_SAN_MANOTAS\CLINICA_SAN_MANOTAS.csproj]
C:\Users\aquil\OneDrive\Escritorio\Nueva carpeta\SENA\MANOTAS\EVALUACI├ôN C#\CLINICA_SAN_MANOTAS\CLINICA_SAN_MANOTAS\CLINICA_SAN_MANOTAS\SistemaEmpleadosMySQL\Repositories\UsuarioRepository.cs(112,24): warning CS8603: Posible tipo de valor devuelto de referencia nulo. [C:\Users\aquil\OneDrive\Escritorio\Nueva carpeta\SENA\MANOTAS\EVALUACI├ôN C#\CLINICA_SAN_MANOTAS\CLINICA_SAN_MANOTAS\CLINICA_SAN_MANOTAS\CLINICA_SAN_MANOTAS.csproj]
C:\Users\aquil\OneDrive\Escritorio\Nueva carpeta\SENA\MANOTAS\EVALUACI├ôN C#\CLINICA_SAN_MANOTAS\CLINICA_SAN_MANOTAS\CLINICA_SAN_MANOTAS\SistemaEmpleadosMySQL\Repositories\UsuarioRepository.cs(132,76): warning CS8604: Posible argumento de referencia nulo para el par├ímetro "hash" en "bool SecurityHelper.VerificarContrase├▒a(string contrase├▒a, string hash)". [C:\Users\aquil\OneDrive\Escritorio\Nueva carpeta\SENA\MANOTAS\EVALUACI├ôN C#\CLINICA_SAN_MANOTAS\CLINICA_SAN_MANOTAS\CLINICA_SAN_MANOTAS\CLINICA_SAN_MANOTAS.csproj]
C:\Users\aquil\OneDrive\Escritorio\Nueva carpeta\SENA\MANOTAS\EVALUACI├ôN C#\CLINICA_SAN_MANOTAS\CLINICA_SAN_MANOTAS\CLINICA_SAN_MANOTAS\SistemaEmpleadosMySQL\UI\Forms\CitasForm.cs(254,21): error CS0103: El nombre 'txtNotas' no existe en el contexto actual [C:\Users\aquil\OneDrive\Escritorio\Nueva carpeta\SENA\MANOTAS\EVALUACI├ôN C#\CLINICA_SAN_MANOTAS\CLINICA_SAN_MANOTAS\CLINICA_SAN_MANOTAS\CLINICA_SAN_MANOTAS.csproj]
C:\Users\aquil\OneDrive\Escritorio\Nueva carpeta\SENA\MANOTAS\EVALUACI├ôN C#\CLINICA_SAN_MANOTAS\CLINICA_SAN_MANOTAS\CLINICA_SAN_MANOTAS\SistemaEmpleadosMySQL\UI\Forms\CitasForm.cs(272,13): error CS0103: El nombre 'txtNotas' no existe en el contexto actual [C:\Users\aquil\OneDrive\Escritorio\Nueva carpeta\SENA\MANOTAS\EVALUACI├ôN C#\CLINICA_SAN_MANOTAS\CLINICA_SAN_MANOTAS\CLINICA_SAN_MANOTAS\CLINICA_SAN_MANOTAS.csproj]
C:\Users\aquil\OneDrive\Escritorio\Nueva carpeta\SENA\MANOTAS\EVALUACI├ôN C#\CLINICA_SAN_MANOTAS\CLINICA_SAN_MANOTAS\CLINICA_SAN_MANOTAS\SistemaEmpleadosMySQL\Repositories\UsuarioRepository.cs(170,76): warning CS8604: Posible argumento de referencia nulo para el par├ímetro "contrase├▒a" en "string SecurityHelper.GenerarHashContrase├▒a(string contrase├▒a)". [C:\Users\aquil\OneDrive\Escritorio\Nueva carpeta\SENA\MANOTAS\EVALUACI├ôN C#\CLINICA_SAN_MANOTAS\CLINICA_SAN_MANOTAS\CLINICA_SAN_MANOTAS\CLINICA_SAN_MANOTAS.csproj]
C:\Users\aquil\OneDrive\Escritorio\Nueva carpeta\SENA\MANOTAS\EVALUACI├ôN C#\CLINICA_SAN_MANOTAS\CLINICA_SAN_MANOTAS\CLINICA_SAN_MANOTAS\SistemaEmpleadosMySQL\UI\Forms\DoctorForm.cs(31,47): warning CS8602: Desreferencia de una referencia posiblemente NULL. [C:\Users\aquil\OneDrive\Escritorio\Nueva carpeta\SENA\MANOTAS\EVALUACI├ôN C#\CLINICA_SAN_MANOTAS\CLINICA_SAN_MANOTAS\CLINICA_SAN_MANOTAS\CLINICA_SAN_MANOTAS.csproj]
C:\Users\aquil\OneDrive\Escritorio\Nueva carpeta\SENA\MANOTAS\EVALUACI├ôN C#\CLINICA_SAN_MANOTAS\CLINICA_SAN_MANOTAS\CLINICA_SAN_MANOTAS\SistemaEmpleadosMySQL\UI\Forms\ReportesForm.cs(60,38): warning CS8602: Desreferencia de una referencia posiblemente NULL. [C:\Users\aquil\OneDrive\Escritorio\Nueva carpeta\SENA\MANOTAS\EVALUACI├ôN C#\CLINICA_SAN_MANOTAS\CLINICA_SAN_MANOTAS\CLINICA_SAN_MANOTAS\CLINICA_SAN_MANOTAS.csproj]
C:\Users\aquil\OneDrive\Escritorio\Nueva carpeta\SENA\MANOTAS\EVALUACI├ôN C#\CLINICA_SAN_MANOTAS\CLINICA_SAN_MANOTAS\CLINICA_SAN_MANOTAS\SistemaEmpleadosMySQL\UI\Forms\ReportesForm.cs(60,38): warning CS8600: Se va a convertir un literal nulo o un posible valor nulo en un tipo que no acepta valores NULL [C:\Users\aquil\OneDrive\Escritorio\Nueva carpeta\SENA\MANOTAS\EVALUACI├ôN C#\CLINICA_SAN_MANOTAS\CLINICA_SAN_MANOTAS\CLINICA_SAN_MANOTAS\CLINICA_SAN_MANOTAS.csproj]
C:\Users\aquil\OneDrive\Escritorio\Nueva carpeta\SENA\MANOTAS\EVALUACI├ôN C#\CLINICA_SAN_MANOTAS\CLINICA_SAN_MANOTAS\CLINICA_SAN_MANOTAS\SistemaEmpleadosMySQL\UI\Forms\MainForm.cs(31,47): warning CS8602: Desreferencia de una referencia posiblemente NULL. [C:\Users\aquil\OneDrive\Escritorio\Nueva carpeta\SENA\MANOTAS\EVALUACI├ôN C#\CLINICA_SAN_MANOTAS\CLINICA_SAN_MANOTAS\CLINICA_SAN_MANOTAS\CLINICA_SAN_MANOTAS.csproj]
C:\Users\aquil\OneDrive\Escritorio\Nueva carpeta\SENA\MANOTAS\EVALUACI├ôN C#\CLINICA_SAN_MANOTAS\CLINICA_SAN_MANOTAS\CLINICA_SAN_MANOTAS\SistemaEmpleadosMySQL\UI\Forms\EspecialidadesForm.cs(56,51): warning CS8622: La nulabilidad de los tipos de referencia del tipo de par├ímetro"sender" de "void EspecialidadesForm.DgvEspecialidades_SelectionChanged(object sender, EventArgs e)" no coincide con el delegado de destino "EventHandler" (posiblemente debido a los atributos de nulabilidad). [C:\Users\aquil\OneDrive\Escritorio\Nueva carpeta\SENA\MANOTAS\EVALUACI├ôN C#\CLINICA_SAN_MANOTAS\CLINICA_SAN_MANOTAS\CLINICA_SAN_MANOTAS\CLINICA_SAN_MANOTAS.csproj]
C:\Users\aquil\OneDrive\Escritorio\Nueva carpeta\SENA\MANOTAS\EVALUACI├ôN C#\CLINICA_SAN_MANOTAS\CLINICA_SAN_MANOTAS\CLINICA_SAN_MANOTAS\SistemaEmpleadosMySQL\UI\Forms\PacientesForm.cs(21,16): warning CS8618: El elemento campo "_pacienteActual" que no acepta valores NULL debe contener un valor distinto de NULL al salir del constructor. Considere la posibilidad de agregar el modificador "required'"o declarar el campo como un valor que acepta valores NULL. [C:\Users\aquil\OneDrive\Escritorio\Nueva carpeta\SENA\MANOTAS\EVALUACI├ôN C#\CLINICA_SAN_MANOTAS\CLINICA_SAN_MANOTAS\CLINICA_SAN_MANOTAS\CLINICA_SAN_MANOTAS.csproj]
C:\Users\aquil\OneDrive\Escritorio\Nueva carpeta\SENA\MANOTAS\EVALUACI├ôN C#\CLINICA_SAN_MANOTAS\CLINICA_SAN_MANOTAS\CLINICA_SAN_MANOTAS\SistemaEmpleadosMySQL\Repositories\UnitOfWork.cs(694,24): warning CS8603: Posible tipo de valor devuelto de referencia nulo. [C:\Users\aquil\OneDrive\Escritorio\Nueva carpeta\SENA\MANOTAS\EVALUACI├ôN C#\CLINICA_SAN_MANOTAS\CLINICA_SAN_MANOTAS\CLINICA_SAN_MANOTAS\CLINICA_SAN_MANOTAS.csproj]
C:\Users\aquil\OneDrive\Escritorio\Nueva carpeta\SENA\MANOTAS\EVALUACI├ôN C#\CLINICA_SAN_MANOTAS\CLINICA_SAN_MANOTAS\CLINICA_SAN_MANOTAS\SistemaEmpleadosMySQL\Repositories\UnitOfWork.cs(719,24): warning CS8603: Posible tipo de valor devuelto de referencia nulo. [C:\Users\aquil\OneDrive\Escritorio\Nueva carpeta\SENA\MANOTAS\EVALUACI├ôN C#\CLINICA_SAN_MANOTAS\CLINICA_SAN_MANOTAS\CLINICA_SAN_MANOTAS\CLINICA_SAN_MANOTAS.csproj]
C:\Users\aquil\OneDrive\Escritorio\Nueva carpeta\SENA\MANOTAS\EVALUACI├ôN C#\CLINICA_SAN_MANOTAS\CLINICA_SAN_MANOTAS\CLINICA_SAN_MANOTAS\SistemaEmpleadosMySQL\UI\Forms\MedicosForm.cs(104,17): error CS0103: El nombre 'lblTotal' no existe en el contexto actual [C:\Users\aquil\OneDrive\Escritorio\Nueva carpeta\SENA\MANOTAS\EVALUACI├ôN C#\CLINICA_SAN_MANOTAS\CLINICA_SAN_MANOTAS\CLINICA_SAN_MANOTAS\CLINICA_SAN_MANOTAS.csproj]
C:\Users\aquil\OneDrive\Escritorio\Nueva carpeta\SENA\MANOTAS\EVALUACI├ôN C#\CLINICA_SAN_MANOTAS\CLINICA_SAN_MANOTAS\CLINICA_SAN_MANOTAS\SistemaEmpleadosMySQL\UI\Forms\PacientesForm.cs(108,31): warning CS8625: No se puede convertir un literal NULL en un tipo de referencia que no acepta valores NULL. [C:\Users\aquil\OneDrive\Escritorio\Nueva carpeta\SENA\MANOTAS\EVALUACI├ôN C#\CLINICA_SAN_MANOTAS\CLINICA_SAN_MANOTAS\CLINICA_SAN_MANOTAS\CLINICA_SAN_MANOTAS.csproj]
C:\Users\aquil\OneDrive\Escritorio\Nueva carpeta\SENA\MANOTAS\EVALUACI├ôN C#\CLINICA_SAN_MANOTAS\CLINICA_SAN_MANOTAS\CLINICA_SAN_MANOTAS\SistemaEmpleadosMySQL\Repositories\UnitOfWork.cs(661,24): warning CS8603: Posible tipo de valor devuelto de referencia nulo. [C:\Users\aquil\OneDrive\Escritorio\Nueva carpeta\SENA\MANOTAS\EVALUACI├ôN C#\CLINICA_SAN_MANOTAS\CLINICA_SAN_MANOTAS\CLINICA_SAN_MANOTAS\CLINICA_SAN_MANOTAS.csproj]
C:\Users\aquil\OneDrive\Escritorio\Nueva carpeta\SENA\MANOTAS\EVALUACI├ôN C#\CLINICA_SAN_MANOTAS\CLINICA_SAN_MANOTAS\CLINICA_SAN_MANOTAS\SistemaEmpleadosMySQL\UI\Forms\MedicosForm.cs(127,38): warning CS8605: Conversi├│n unboxing a un valor posiblemente NULL. [C:\Users\aquil\OneDrive\Escritorio\Nueva carpeta\SENA\MANOTAS\EVALUACI├ôN C#\CLINICA_SAN_MANOTAS\CLINICA_SAN_MANOTAS\CLINICA_SAN_MANOTAS\CLINICA_SAN_MANOTAS.csproj]
C:\Users\aquil\OneDrive\Escritorio\Nueva carpeta\SENA\MANOTAS\EVALUACI├ôN C#\CLINICA_SAN_MANOTAS\CLINICA_SAN_MANOTAS\CLINICA_SAN_MANOTAS\SistemaEmpleadosMySQL\UI\Forms\EspecialidadesForm.cs(165,48): error CS1061: "IEnumerable<Medico>" no contiene una definici├│n para "FindAll" ni un m├®todo de extensi├│n accesible "FindAll" que acepte un primer argumento del tipo "IEnumerable<Medico>" (┬┐falta alguna directiva using o una referencia de ensamblado?) [C:\Users\aquil\OneDrive\Escritorio\Nueva carpeta\SENA\MANOTAS\EVALUACI├ôN C#\CLINICA_SAN_MANOTAS\CLINICA_SAN_MANOTAS\CLINICA_SAN_MANOTAS\CLINICA_SAN_MANOTAS.csproj]
C:\Users\aquil\OneDrive\Escritorio\Nueva carpeta\SENA\MANOTAS\EVALUACI├ôN C#\CLINICA_SAN_MANOTAS\CLINICA_SAN_MANOTAS\CLINICA_SAN_MANOTAS\SistemaEmpleadosMySQL\UI\Forms\PacientesForm.cs(138,39): warning CS8602: Desreferencia de una referencia posiblemente NULL. [C:\Users\aquil\OneDrive\Escritorio\Nueva carpeta\SENA\MANOTAS\EVALUACI├ôN C#\CLINICA_SAN_MANOTAS\CLINICA_SAN_MANOTAS\CLINICA_SAN_MANOTAS\CLINICA_SAN_MANOTAS.csproj]
C:\Users\aquil\OneDrive\Escritorio\Nueva carpeta\SENA\MANOTAS\EVALUACI├ôN C#\CLINICA_SAN_MANOTAS\CLINICA_SAN_MANOTAS\CLINICA_SAN_MANOTAS\SistemaEmpleadosMySQL\UI\Forms\PacientesForm.cs(145,42): warning CS8602: Desreferencia de una referencia posiblemente NULL. [C:\Users\aquil\OneDrive\Escritorio\Nueva carpeta\SENA\MANOTAS\EVALUACI├ôN C#\CLINICA_SAN_MANOTAS\CLINICA_SAN_MANOTAS\CLINICA_SAN_MANOTAS\CLINICA_SAN_MANOTAS.csproj]
C:\Users\aquil\OneDrive\Escritorio\Nueva carpeta\SENA\MANOTAS\EVALUACI├ôN C#\CLINICA_SAN_MANOTAS\CLINICA_SAN_MANOTAS\CLINICA_SAN_MANOTAS\SistemaEmpleadosMySQL\UI\Forms\PacientesForm.cs(158,41): warning CS8602: Desreferencia de una referencia posiblemente NULL. [C:\Users\aquil\OneDrive\Escritorio\Nueva carpeta\SENA\MANOTAS\EVALUACI├ôN C#\CLINICA_SAN_MANOTAS\CLINICA_SAN_MANOTAS\CLINICA_SAN_MANOTAS\CLINICA_SAN_MANOTAS.csproj]
C:\Users\aquil\OneDrive\Escritorio\Nueva carpeta\SENA\MANOTAS\EVALUACI├ôN C#\CLINICA_SAN_MANOTAS\CLINICA_SAN_MANOTAS\CLINICA_SAN_MANOTAS\SistemaEmpleadosMySQL\UI\Forms\PacientesForm.cs(164,41): warning CS8602: Desreferencia de una referencia posiblemente NULL. [C:\Users\aquil\OneDrive\Escritorio\Nueva carpeta\SENA\MANOTAS\EVALUACI├ôN C#\CLINICA_SAN_MANOTAS\CLINICA_SAN_MANOTAS\CLINICA_SAN_MANOTAS\CLINICA_SAN_MANOTAS.csproj]
C:\Users\aquil\OneDrive\Escritorio\Nueva carpeta\SENA\MANOTAS\EVALUACI├ôN C#\CLINICA_SAN_MANOTAS\CLINICA_SAN_MANOTAS\CLINICA_SAN_MANOTAS\SistemaEmpleadosMySQL\UI\Forms\MedicosForm.cs(168,48): warning CS8605: Conversi├│n unboxing a un valor posiblemente NULL. [C:\Users\aquil\OneDrive\Escritorio\Nueva carpeta\SENA\MANOTAS\EVALUACI├ôN C#\CLINICA_SAN_MANOTAS\CLINICA_SAN_MANOTAS\CLINICA_SAN_MANOTAS\CLINICA_SAN_MANOTAS.csproj]
C:\Users\aquil\OneDrive\Escritorio\Nueva carpeta\SENA\MANOTAS\EVALUACI├ôN C#\CLINICA_SAN_MANOTAS\CLINICA_SAN_MANOTAS\CLINICA_SAN_MANOTAS\SistemaEmpleadosMySQL\UI\Forms\ReportesForm.cs(105,48): error CS8978: 'No se puede hacer que 'grupo de m├®todos' acepte valores NULL. [C:\Users\aquil\OneDrive\Escritorio\Nueva carpeta\SENA\MANOTAS\EVALUACI├ôN C#\CLINICA_SAN_MANOTAS\CLINICA_SAN_MANOTAS\CLINICA_SAN_MANOTAS\CLINICA_SAN_MANOTAS.csproj]
C:\Users\aquil\OneDrive\Escritorio\Nueva carpeta\SENA\MANOTAS\EVALUACI├ôN C#\CLINICA_SAN_MANOTAS\CLINICA_SAN_MANOTAS\CLINICA_SAN_MANOTAS\SistemaEmpleadosMySQL\UI\Forms\ReportesForm.cs(115,44): error CS8978: 'No se puede hacer que 'grupo de m├®todos' acepte valores NULL. [C:\Users\aquil\OneDrive\Escritorio\Nueva carpeta\SENA\MANOTAS\EVALUACI├ôN C#\CLINICA_SAN_MANOTAS\CLINICA_SAN_MANOTAS\CLINICA_SAN_MANOTAS\CLINICA_SAN_MANOTAS.csproj]
C:\Users\aquil\OneDrive\Escritorio\Nueva carpeta\SENA\MANOTAS\EVALUACI├ôN C#\CLINICA_SAN_MANOTAS\CLINICA_SAN_MANOTAS\CLINICA_SAN_MANOTAS\SistemaEmpleadosMySQL\UI\Forms\ReportesForm.cs(125,40): error CS8978: 'No se puede hacer que 'grupo de m├®todos' acepte valores NULL. [C:\Users\aquil\OneDrive\Escritorio\Nueva carpeta\SENA\MANOTAS\EVALUACI├ôN C#\CLINICA_SAN_MANOTAS\CLINICA_SAN_MANOTAS\CLINICA_SAN_MANOTAS\CLINICA_SAN_MANOTAS.csproj]
C:\Users\aquil\OneDrive\Escritorio\Nueva carpeta\SENA\MANOTAS\EVALUACI├ôN C#\CLINICA_SAN_MANOTAS\CLINICA_SAN_MANOTAS\CLINICA_SAN_MANOTAS\SistemaEmpleadosMySQL\UI\Forms\ReportesForm.cs(140,58): error CS8978: 'No se puede hacer que 'grupo de m├®todos' acepte valores NULL. [C:\Users\aquil\OneDrive\Escritorio\Nueva carpeta\SENA\MANOTAS\EVALUACI├ôN C#\CLINICA_SAN_MANOTAS\CLINICA_SAN_MANOTAS\CLINICA_SAN_MANOTAS\CLINICA_SAN_MANOTAS.csproj]
C:\Users\aquil\OneDrive\Escritorio\Nueva carpeta\SENA\MANOTAS\EVALUACI├ôN C#\CLINICA_SAN_MANOTAS\CLINICA_SAN_MANOTAS\CLINICA_SAN_MANOTAS\SistemaEmpleadosMySQL\UI\Forms\ReportesForm.cs(147,46): error CS8978: 'No se puede hacer que 'grupo de m├®todos' acepte valores NULL. [C:\Users\aquil\OneDrive\Escritorio\Nueva carpeta\SENA\MANOTAS\EVALUACI├ôN C#\CLINICA_SAN_MANOTAS\CLINICA_SAN_MANOTAS\CLINICA_SAN_MANOTAS\CLINICA_SAN_MANOTAS.csproj]
C:\Users\aquil\OneDrive\Escritorio\Nueva carpeta\SENA\MANOTAS\EVALUACI├ôN C#\CLINICA_SAN_MANOTAS\CLINICA_SAN_MANOTAS\CLINICA_SAN_MANOTAS\SistemaEmpleadosMySQL\UI\Forms\MedicosForm.cs(202,48): error CS1503: Argumento 1: no se puede convertir de 'int' a 'SistemaEmpleadosMySQL.Model.Medico' [C:\Users\aquil\OneDrive\Escritorio\Nueva carpeta\SENA\MANOTAS\EVALUACI├ôN C#\CLINICA_SAN_MANOTAS\CLINICA_SAN_MANOTAS\CLINICA_SAN_MANOTAS\CLINICA_SAN_MANOTAS.csproj]
C:\Users\aquil\OneDrive\Escritorio\Nueva carpeta\SENA\MANOTAS\EVALUACI├ôN C#\CLINICA_SAN_MANOTAS\CLINICA_SAN_MANOTAS\CLINICA_SAN_MANOTAS\SistemaEmpleadosMySQL\UI\Forms\PacientesForm.cs(238,45): warning CS8602: Desreferencia de una referencia posiblemente NULL. [C:\Users\aquil\OneDrive\Escritorio\Nueva carpeta\SENA\MANOTAS\EVALUACI├ôN C#\CLINICA_SAN_MANOTAS\CLINICA_SAN_MANOTAS\CLINICA_SAN_MANOTAS\CLINICA_SAN_MANOTAS.csproj]
C:\Users\aquil\OneDrive\Escritorio\Nueva carpeta\SENA\MANOTAS\EVALUACI├ôN C#\CLINICA_SAN_MANOTAS\CLINICA_SAN_MANOTAS\CLINICA_SAN_MANOTAS\SistemaEmpleadosMySQL\UI\Forms\ReportesForm.cs(179,42): error CS0019: El operador '==' no se puede aplicar a operandos del tipo 'grupo de m├®todos' y 'int' [C:\Users\aquil\OneDrive\Escritorio\Nueva carpeta\SENA\MANOTAS\EVALUACI├ôN C#\CLINICA_SAN_MANOTAS\CLINICA_SAN_MANOTAS\CLINICA_SAN_MANOTAS\CLINICA_SAN_MANOTAS.csproj]
C:\Users\aquil\OneDrive\Escritorio\Nueva carpeta\SENA\MANOTAS\EVALUACI├ôN C#\CLINICA_SAN_MANOTAS\CLINICA_SAN_MANOTAS\CLINICA_SAN_MANOTAS\SistemaEmpleadosMySQL\UI\Forms\ReportesForm.cs(188,42): warning CS8602: Desreferencia de una referencia posiblemente NULL. [C:\Users\aquil\OneDrive\Escritorio\Nueva carpeta\SENA\MANOTAS\EVALUACI├ôN C#\CLINICA_SAN_MANOTAS\CLINICA_SAN_MANOTAS\CLINICA_SAN_MANOTAS\CLINICA_SAN_MANOTAS.csproj]
C:\Users\aquil\OneDrive\Escritorio\Nueva carpeta\SENA\MANOTAS\EVALUACI├ôN C#\CLINICA_SAN_MANOTAS\CLINICA_SAN_MANOTAS\CLINICA_SAN_MANOTAS\SistemaEmpleadosMySQL\UI\Forms\RecepcionForm.cs(31,47): warning CS8602: Desreferencia de una referencia posiblemente NULL. [C:\Users\aquil\OneDrive\Escritorio\Nueva carpeta\SENA\MANOTAS\EVALUACI├ôN C#\CLINICA_SAN_MANOTAS\CLINICA_SAN_MANOTAS\CLINICA_SAN_MANOTAS\CLINICA_SAN_MANOTAS.csproj]
C:\Users\aquil\OneDrive\Escritorio\Nueva carpeta\SENA\MANOTAS\EVALUACI├ôN C#\CLINICA_SAN_MANOTAS\CLINICA_SAN_MANOTAS\CLINICA_SAN_MANOTAS\SistemaEmpleadosMySQL\Repositories\UnitOfWork.cs(256,24): warning CS8603: Posible tipo de valor devuelto de referencia nulo. [C:\Users\aquil\OneDrive\Escritorio\Nueva carpeta\SENA\MANOTAS\EVALUACI├ôN C#\CLINICA_SAN_MANOTAS\CLINICA_SAN_MANOTAS\CLINICA_SAN_MANOTAS\CLINICA_SAN_MANOTAS.csproj]
C:\Users\aquil\OneDrive\Escritorio\Nueva carpeta\SENA\MANOTAS\EVALUACI├ôN C#\CLINICA_SAN_MANOTAS\CLINICA_SAN_MANOTAS\CLINICA_SAN_MANOTAS\SistemaEmpleadosMySQL\UI\Forms\ReportesForm.cs(215,40): error CS0019: El operador '==' no se puede aplicar a operandos del tipo 'grupo de m├®todos' y 'int' [C:\Users\aquil\OneDrive\Escritorio\Nueva carpeta\SENA\MANOTAS\EVALUACI├ôN C#\CLINICA_SAN_MANOTAS\CLINICA_SAN_MANOTAS\CLINICA_SAN_MANOTAS\CLINICA_SAN_MANOTAS.csproj]
C:\Users\aquil\OneDrive\Escritorio\Nueva carpeta\SENA\MANOTAS\EVALUACI├ôN C#\CLINICA_SAN_MANOTAS\CLINICA_SAN_MANOTAS\CLINICA_SAN_MANOTAS\SistemaEmpleadosMySQL\UI\Forms\ReportesForm.cs(230,131): error CS1061: "Medico" no contiene una definici├│n para "LicenciaNumber" ni un m├®todo de extensi├│n accesible "LicenciaNumber" que acepte un primer argumento del tipo "Medico" (┬┐falta alguna directiva using o una referencia de ensamblado?) [C:\Users\aquil\OneDrive\Escritorio\Nueva carpeta\SENA\MANOTAS\EVALUACI├ôN C#\CLINICA_SAN_MANOTAS\CLINICA_SAN_MANOTAS\CLINICA_SAN_MANOTAS\CLINICA_SAN_MANOTAS.csproj]
C:\Users\aquil\OneDrive\Escritorio\Nueva carpeta\SENA\MANOTAS\EVALUACI├ôN C#\CLINICA_SAN_MANOTAS\CLINICA_SAN_MANOTAS\CLINICA_SAN_MANOTAS\SistemaEmpleadosMySQL\UI\Forms\ReportesForm.cs(224,40): warning CS8602: Desreferencia de una referencia posiblemente NULL. [C:\Users\aquil\OneDrive\Escritorio\Nueva carpeta\SENA\MANOTAS\EVALUACI├ôN C#\CLINICA_SAN_MANOTAS\CLINICA_SAN_MANOTAS\CLINICA_SAN_MANOTAS\CLINICA_SAN_MANOTAS.csproj]
C:\Users\aquil\OneDrive\Escritorio\Nueva carpeta\SENA\MANOTAS\EVALUACI├ôN C#\CLINICA_SAN_MANOTAS\CLINICA_SAN_MANOTAS\CLINICA_SAN_MANOTAS\SistemaEmpleadosMySQL\Repositories\UnitOfWork.cs(47,16): warning CS8618: El elemento campo "_usuarioRepository" que no acepta valores NULL debe contener un valor distinto de NULL al salir del constructor. Considere la posibilidad de agregar el modificador "required'"o declarar el campo como un valor que acepta valores NULL. [C:\Users\aquil\OneDrive\Escritorio\Nueva carpeta\SENA\MANOTAS\EVALUACI├ôN C#\CLINICA_SAN_MANOTAS\CLINICA_SAN_MANOTAS\CLINICA_SAN_MANOTAS\CLINICA_SAN_MANOTAS.csproj]
C:\Users\aquil\OneDrive\Escritorio\Nueva carpeta\SENA\MANOTAS\EVALUACI├ôN C#\CLINICA_SAN_MANOTAS\CLINICA_SAN_MANOTAS\CLINICA_SAN_MANOTAS\SistemaEmpleadosMySQL\Repositories\UnitOfWork.cs(47,16): warning CS8618: El elemento campo "_pacienteRepository" que no acepta valores NULL debe contener un valor distinto de NULL al salir del constructor. Considere la posibilidad de agregar el modificador "required'"o declarar el campo como un valor que acepta valores NULL. [C:\Users\aquil\OneDrive\Escritorio\Nueva carpeta\SENA\MANOTAS\EVALUACI├ôN C#\CLINICA_SAN_MANOTAS\CLINICA_SAN_MANOTAS\CLINICA_SAN_MANOTAS\CLINICA_SAN_MANOTAS.csproj]
C:\Users\aquil\OneDrive\Escritorio\Nueva carpeta\SENA\MANOTAS\EVALUACI├ôN C#\CLINICA_SAN_MANOTAS\CLINICA_SAN_MANOTAS\CLINICA_SAN_MANOTAS\SistemaEmpleadosMySQL\Repositories\UnitOfWork.cs(47,16): warning CS8618: El elemento campo "_medicoRepository" que no acepta valores NULL debe contener un valor distinto de NULL al salir del constructor. Considere la posibilidad de agregar el modificador "required'"o declarar el campo como un valor que acepta valores NULL. [C:\Users\aquil\OneDrive\Escritorio\Nueva carpeta\SENA\MANOTAS\EVALUACI├ôN C#\CLINICA_SAN_MANOTAS\CLINICA_SAN_MANOTAS\CLINICA_SAN_MANOTAS\CLINICA_SAN_MANOTAS.csproj]
C:\Users\aquil\OneDrive\Escritorio\Nueva carpeta\SENA\MANOTAS\EVALUACI├ôN C#\CLINICA_SAN_MANOTAS\CLINICA_SAN_MANOTAS\CLINICA_SAN_MANOTAS\SistemaEmpleadosMySQL\Repositories\UnitOfWork.cs(47,16): warning CS8618: El elemento campo "_citaRepository" que no acepta valores NULL debe contener un valor distinto de NULL al salir del constructor. Considere la posibilidad de agregar el modificador "required'"o declarar el campo como un valor que acepta valores NULL. [C:\Users\aquil\OneDrive\Escritorio\Nueva carpeta\SENA\MANOTAS\EVALUACI├ôN C#\CLINICA_SAN_MANOTAS\CLINICA_SAN_MANOTAS\CLINICA_SAN_MANOTAS\CLINICA_SAN_MANOTAS.csproj]
C:\Users\aquil\OneDrive\Escritorio\Nueva carpeta\SENA\MANOTAS\EVALUACI├ôN C#\CLINICA_SAN_MANOTAS\CLINICA_SAN_MANOTAS\CLINICA_SAN_MANOTAS\SistemaEmpleadosMySQL\Repositories\UnitOfWork.cs(47,16): warning CS8618: El elemento campo "_especialidadRepository" que no acepta valores NULL debe contener un valor distinto de NULL al salir del constructor. Considere la posibilidad de agregar el modificador "required'"o declarar el campo como un valor que acepta valores NULL. [C:\Users\aquil\OneDrive\Escritorio\Nueva carpeta\SENA\MANOTAS\EVALUACI├ôN C#\CLINICA_SAN_MANOTAS\CLINICA_SAN_MANOTAS\CLINICA_SAN_MANOTAS\CLINICA_SAN_MANOTAS.csproj]
C:\Users\aquil\OneDrive\Escritorio\Nueva carpeta\SENA\MANOTAS\EVALUACI├ôN C#\CLINICA_SAN_MANOTAS\CLINICA_SAN_MANOTAS\CLINICA_SAN_MANOTAS\SistemaEmpleadosMySQL\Repositories\UnitOfWork.cs(47,16): warning CS8618: El elemento campo "_epsRepository" que no acepta valores NULL debe contener un valor distinto de NULL al salir del constructor. Considere la posibilidad de agregar el modificador "required'"o declarar el campo como un valor que acepta valores NULL. [C:\Users\aquil\OneDrive\Escritorio\Nueva carpeta\SENA\MANOTAS\EVALUACI├ôN C#\CLINICA_SAN_MANOTAS\CLINICA_SAN_MANOTAS\CLINICA_SAN_MANOTAS\CLINICA_SAN_MANOTAS.csproj]
C:\Users\aquil\OneDrive\Escritorio\Nueva carpeta\SENA\MANOTAS\EVALUACI├ôN C#\CLINICA_SAN_MANOTAS\CLINICA_SAN_MANOTAS\CLINICA_SAN_MANOTAS\SistemaEmpleadosMySQL\Repositories\UnitOfWork.cs(47,16): warning CS8618: El elemento campo "_auditLogRepository" que no acepta valores NULL debe contener un valor distinto de NULL al salir del constructor. Considere la posibilidad de agregar el modificador "required'"o declarar el campo como un valor que acepta valores NULL. [C:\Users\aquil\OneDrive\Escritorio\Nueva carpeta\SENA\MANOTAS\EVALUACI├ôN C#\CLINICA_SAN_MANOTAS\CLINICA_SAN_MANOTAS\CLINICA_SAN_MANOTAS\CLINICA_SAN_MANOTAS.csproj]
C:\Users\aquil\OneDrive\Escritorio\Nueva carpeta\SENA\MANOTAS\EVALUACI├ôN C#\CLINICA_SAN_MANOTAS\CLINICA_SAN_MANOTAS\CLINICA_SAN_MANOTAS\SistemaEmpleadosMySQL\Repositories\UnitOfWork.cs(47,16): warning CS8618: El elemento campo "_transaction" que no acepta valores NULL debe contener un valor distinto de NULL al salir del constructor. Considere la posibilidad de agregar el modificador "required'"o declarar el campo como un valor que acepta valores NULL. [C:\Users\aquil\OneDrive\Escritorio\Nueva carpeta\SENA\MANOTAS\EVALUACI├ôN C#\CLINICA_SAN_MANOTAS\CLINICA_SAN_MANOTAS\CLINICA_SAN_MANOTAS\CLINICA_SAN_MANOTAS.csproj]
C:\Users\aquil\OneDrive\Escritorio\Nueva carpeta\SENA\MANOTAS\EVALUACI├ôN C#\CLINICA_SAN_MANOTAS\CLINICA_SAN_MANOTAS\CLINICA_SAN_MANOTAS\SistemaEmpleadosMySQL\Repositories\UnitOfWork.cs(382,24): warning CS8603: Posible tipo de valor devuelto de referencia nulo. [C:\Users\aquil\OneDrive\Escritorio\Nueva carpeta\SENA\MANOTAS\EVALUACI├ôN C#\CLINICA_SAN_MANOTAS\CLINICA_SAN_MANOTAS\CLINICA_SAN_MANOTAS\CLINICA_SAN_MANOTAS.csproj]
C:\Users\aquil\OneDrive\Escritorio\Nueva carpeta\SENA\MANOTAS\EVALUACI├ôN C#\CLINICA_SAN_MANOTAS\CLINICA_SAN_MANOTAS\CLINICA_SAN_MANOTAS\SistemaEmpleadosMySQL\Repositories\Repository.cs(71,24): warning CS8603: Posible tipo de valor devuelto de referencia nulo. [C:\Users\aquil\OneDrive\Escritorio\Nueva carpeta\SENA\MANOTAS\EVALUACI├ôN C#\CLINICA_SAN_MANOTAS\CLINICA_SAN_MANOTAS\CLINICA_SAN_MANOTAS\CLINICA_SAN_MANOTAS.csproj]
C:\Users\aquil\OneDrive\Escritorio\Nueva carpeta\SENA\MANOTAS\EVALUACI├ôN C#\CLINICA_SAN_MANOTAS\CLINICA_SAN_MANOTAS\CLINICA_SAN_MANOTAS\SistemaEmpleadosMySQL\Repositories\UnitOfWork.cs(174,36): warning CS8625: No se puede convertir un literal NULL en un tipo de referencia que no acepta valores NULL. [C:\Users\aquil\OneDrive\Escritorio\Nueva carpeta\SENA\MANOTAS\EVALUACI├ôN C#\CLINICA_SAN_MANOTAS\CLINICA_SAN_MANOTAS\CLINICA_SAN_MANOTAS\CLINICA_SAN_MANOTAS.csproj]
C:\Users\aquil\OneDrive\Escritorio\Nueva carpeta\SENA\MANOTAS\EVALUACI├ôN C#\CLINICA_SAN_MANOTAS\CLINICA_SAN_MANOTAS\CLINICA_SAN_MANOTAS\SistemaEmpleadosMySQL\Repositories\UnitOfWork.cs(192,36): warning CS8625: No se puede convertir un literal NULL en un tipo de referencia que no acepta valores NULL. [C:\Users\aquil\OneDrive\Escritorio\Nueva carpeta\SENA\MANOTAS\EVALUACI├ôN C#\CLINICA_SAN_MANOTAS\CLINICA_SAN_MANOTAS\CLINICA_SAN_MANOTAS\CLINICA_SAN_MANOTAS.csproj]
C:\Users\aquil\OneDrive\Escritorio\Nueva carpeta\SENA\MANOTAS\EVALUACI├ôN C#\CLINICA_SAN_MANOTAS\CLINICA_SAN_MANOTAS\CLINICA_SAN_MANOTAS\SistemaEmpleadosMySQL\UI\Forms\ReportesForm.cs(255,38): error CS0019: El operador '==' no se puede aplicar a operandos del tipo 'grupo de m├®todos' y 'int' [C:\Users\aquil\OneDrive\Escritorio\Nueva carpeta\SENA\MANOTAS\EVALUACI├ôN C#\CLINICA_SAN_MANOTAS\CLINICA_SAN_MANOTAS\CLINICA_SAN_MANOTAS\CLINICA_SAN_MANOTAS.csproj]
C:\Users\aquil\OneDrive\Escritorio\Nueva carpeta\SENA\MANOTAS\EVALUACI├ôN C#\CLINICA_SAN_MANOTAS\CLINICA_SAN_MANOTAS\CLINICA_SAN_MANOTAS\SistemaEmpleadosMySQL\UI\Forms\ReportesForm.cs(261,38): warning CS8604: Posible argumento de referencia nulo para el par├ímetro "source" en "IEnumerable<Cita> Enumerable.Where<Cita>(IEnumerable<Cita> source, Func<Cita, bool> predicate)". [C:\Users\aquil\OneDrive\Escritorio\Nueva carpeta\SENA\MANOTAS\EVALUACI├ôN C#\CLINICA_SAN_MANOTAS\CLINICA_SAN_MANOTAS\CLINICA_SAN_MANOTAS\CLINICA_SAN_MANOTAS.csproj]
C:\Users\aquil\OneDrive\Escritorio\Nueva carpeta\SENA\MANOTAS\EVALUACI├ôN C#\CLINICA_SAN_MANOTAS\CLINICA_SAN_MANOTAS\CLINICA_SAN_MANOTAS\SistemaEmpleadosMySQL\UI\Forms\ReportesForm.cs(298,47): error CS0019: El operador '==' no se puede aplicar a operandos del tipo 'grupo de m├®todos' y 'int' [C:\Users\aquil\OneDrive\Escritorio\Nueva carpeta\SENA\MANOTAS\EVALUACI├ôN C#\CLINICA_SAN_MANOTAS\CLINICA_SAN_MANOTAS\CLINICA_SAN_MANOTAS\CLINICA_SAN_MANOTAS.csproj]
C:\Users\aquil\OneDrive\Escritorio\Nueva carpeta\SENA\MANOTAS\EVALUACI├ôN C#\CLINICA_SAN_MANOTAS\CLINICA_SAN_MANOTAS\CLINICA_SAN_MANOTAS\SistemaEmpleadosMySQL\UI\Forms\ReportesForm.cs(307,46): warning CS8602: Desreferencia de una referencia posiblemente NULL. [C:\Users\aquil\OneDrive\Escritorio\Nueva carpeta\SENA\MANOTAS\EVALUACI├ôN C#\CLINICA_SAN_MANOTAS\CLINICA_SAN_MANOTAS\CLINICA_SAN_MANOTAS\CLINICA_SAN_MANOTAS.csproj]
C:\Users\aquil\OneDrive\Escritorio\Nueva carpeta\SENA\MANOTAS\EVALUACI├ôN C#\CLINICA_SAN_MANOTAS\CLINICA_SAN_MANOTAS\CLINICA_SAN_MANOTAS\SistemaEmpleadosMySQL\UI\Forms\ReportesForm.cs(336,41): error CS0019: El operador '==' no se puede aplicar a operandos del tipo 'grupo de m├®todos' y 'int' [C:\Users\aquil\OneDrive\Escritorio\Nueva carpeta\SENA\MANOTAS\EVALUACI├ôN C#\CLINICA_SAN_MANOTAS\CLINICA_SAN_MANOTAS\CLINICA_SAN_MANOTAS\CLINICA_SAN_MANOTAS.csproj]
C:\Users\aquil\OneDrive\Escritorio\Nueva carpeta\SENA\MANOTAS\EVALUACI├ôN C#\CLINICA_SAN_MANOTAS\CLINICA_SAN_MANOTAS\CLINICA_SAN_MANOTAS\SistemaEmpleadosMySQL\UI\Forms\ReportesForm.cs(345,41): warning CS8602: Desreferencia de una referencia posiblemente NULL. [C:\Users\aquil\OneDrive\Escritorio\Nueva carpeta\SENA\MANOTAS\EVALUACI├ôN C#\CLINICA_SAN_MANOTAS\CLINICA_SAN_MANOTAS\CLINICA_SAN_MANOTAS\CLINICA_SAN_MANOTAS.csproj]
C:\Users\aquil\OneDrive\Escritorio\Nueva carpeta\SENA\MANOTAS\EVALUACI├ôN C#\CLINICA_SAN_MANOTAS\CLINICA_SAN_MANOTAS\CLINICA_SAN_MANOTAS\SistemaEmpleadosMySQL\UI\Forms\MedicosForm.cs(18,21): warning CS0414: El campo 'MedicosForm._paginaActual' est├í asignado pero su valor nunca se usa [C:\Users\aquil\OneDrive\Escritorio\Nueva carpeta\SENA\MANOTAS\EVALUACI├ôN C#\CLINICA_SAN_MANOTAS\CLINICA_SAN_MANOTAS\CLINICA_SAN_MANOTAS\CLINICA_SAN_MANOTAS.csproj]

ERROR al compilar.

C:\Users\aquil\OneDrive\Escritorio\Nueva carpeta\SENA\MANOTAS\EVALUACI├ôN C#\CLINICA_SAN_MANOTAS\CLINICA_SAN_MANOTAS\CLINICA_SAN_MANOTAS\SistemaEmpleadosMySQL\UI\Forms\UsuariosForm.cs(59,45): warning CS8622: La nulabilidad de los tipos de referencia del tipo de par├ímetro"sender" de "void UsuariosForm.DgvUsuarios_SelectionChanged(object sender, EventArgs e)" no coincide con el delegado de destino "EventHandler" (posiblemente debido a los atributos de nulabilidad). [C:\Users\aquil\OneDrive\Escritorio\Nueva carpeta\SENA\MANOTAS\EVALUACI├ôN C#\CLINICA_SAN_MANOTAS\CLINICA_SAN_MANOTAS\CLINICA_SAN_MANOTAS\CLINICA_SAN_MANOTAS.csproj]
C:\Users\aquil\OneDrive\Escritorio\Nueva carpeta\SENA\MANOTAS\EVALUACI├ôN C#\CLINICA_SAN_MANOTAS\CLINICA_SAN_MANOTAS\CLINICA_SAN_MANOTAS\SistemaEmpleadosMySQL\Repositories\UsuarioRepository.cs(260,24): warning CS8603: Posible tipo de valor devuelto de referencia nulo. [C:\Users\aquil\OneDrive\Escritorio\Nueva carpeta\SENA\MANOTAS\EVALUACI├ôN C#\CLINICA_SAN_MANOTAS\CLINICA_SAN_MANOTAS\CLINICA_SAN_MANOTAS\CLINICA_SAN_MANOTAS.csproj]
C:\Users\aquil\OneDrive\Escritorio\Nueva carpeta\SENA\MANOTAS\EVALUACI├ôN C#\CLINICA_SAN_MANOTAS\CLINICA_SAN_MANOTAS\CLINICA_SAN_MANOTAS\SistemaEmpleadosMySQL\UI\Forms\UsuariosForm.cs(116,27): warning CS8602: Desreferencia de una referencia posiblemente NULL. [C:\Users\aquil\OneDrive\Escritorio\Nueva carpeta\SENA\MANOTAS\EVALUACI├ôN C#\CLINICA_SAN_MANOTAS\CLINICA_SAN_MANOTAS\CLINICA_SAN_MANOTAS\CLINICA_SAN_MANOTAS.csproj]
C:\Users\aquil\OneDrive\Escritorio\Nueva carpeta\SENA\MANOTAS\EVALUACI├ôN C#\CLINICA_SAN_MANOTAS\CLINICA_SAN_MANOTAS\CLINICA_SAN_MANOTAS\SistemaEmpleadosMySQL\UI\Forms\UsuariosForm.cs(155,39): warning CS8602: Desreferencia de una referencia posiblemente NULL. [C:\Users\aquil\OneDrive\Escritorio\Nueva carpeta\SENA\MANOTAS\EVALUACI├ôN C#\CLINICA_SAN_MANOTAS\CLINICA_SAN_MANOTAS\CLINICA_SAN_MANOTAS\CLINICA_SAN_MANOTAS.csproj]
C:\Users\aquil\OneDrive\Escritorio\Nueva carpeta\SENA\MANOTAS\EVALUACI├ôN C#\CLINICA_SAN_MANOTAS\CLINICA_SAN_MANOTAS\CLINICA_SAN_MANOTAS\SistemaEmpleadosMySQL\UI\Forms\CitasForm.cs(148,34): warning CS8605: Conversi├│n unboxing a un valor posiblemente NULL. [C:\Users\aquil\OneDrive\Escritorio\Nueva carpeta\SENA\MANOTAS\EVALUACI├ôN C#\CLINICA_SAN_MANOTAS\CLINICA_SAN_MANOTAS\CLINICA_SAN_MANOTAS\CLINICA_SAN_MANOTAS.csproj]
C:\Users\aquil\OneDrive\Escritorio\Nueva carpeta\SENA\MANOTAS\EVALUACI├ôN C#\CLINICA_SAN_MANOTAS\CLINICA_SAN_MANOTAS\CLINICA_SAN_MANOTAS\SistemaEmpleadosMySQL\UI\Forms\CitasForm.cs(149,32): warning CS8605: Conversi├│n unboxing a un valor posiblemente NULL. [C:\Users\aquil\OneDrive\Escritorio\Nueva carpeta\SENA\MANOTAS\EVALUACI├ôN C#\CLINICA_SAN_MANOTAS\CLINICA_SAN_MANOTAS\CLINICA_SAN_MANOTAS\CLINICA_SAN_MANOTAS.csproj]
C:\Users\aquil\OneDrive\Escritorio\Nueva carpeta\SENA\MANOTAS\EVALUACI├ôN C#\CLINICA_SAN_MANOTAS\CLINICA_SAN_MANOTAS\CLINICA_SAN_MANOTAS\SistemaEmpleadosMySQL\Repositories\UsuarioRepository.cs(60,24): warning CS8603: Posible tipo de valor devuelto de referencia nulo. [C:\Users\aquil\OneDrive\Escritorio\Nueva carpeta\SENA\MANOTAS\EVALUACI├ôN C#\CLINICA_SAN_MANOTAS\CLINICA_SAN_MANOTAS\CLINICA_SAN_MANOTAS\CLINICA_SAN_MANOTAS.csproj]
C:\Users\aquil\OneDrive\Escritorio\Nueva carpeta\SENA\MANOTAS\EVALUACI├ôN C#\CLINICA_SAN_MANOTAS\CLINICA_SAN_MANOTAS\CLINICA_SAN_MANOTAS\SistemaEmpleadosMySQL\UI\Forms\CitasForm.cs(186,42): warning CS8605: Conversi├│n unboxing a un valor posiblemente NULL. [C:\Users\aquil\OneDrive\Escritorio\Nueva carpeta\SENA\MANOTAS\EVALUACI├ôN C#\CLINICA_SAN_MANOTAS\CLINICA_SAN_MANOTAS\CLINICA_SAN_MANOTAS\CLINICA_SAN_MANOTAS.csproj]
C:\Users\aquil\OneDrive\Escritorio\Nueva carpeta\SENA\MANOTAS\EVALUACI├ôN C#\CLINICA_SAN_MANOTAS\CLINICA_SAN_MANOTAS\CLINICA_SAN_MANOTAS\SistemaEmpleadosMySQL\UI\Forms\CitasForm.cs(187,40): warning CS8605: Conversi├│n unboxing a un valor posiblemente NULL. [C:\Users\aquil\OneDrive\Escritorio\Nueva carpeta\SENA\MANOTAS\EVALUACI├ôN C#\CLINICA_SAN_MANOTAS\CLINICA_SAN_MANOTAS\CLINICA_SAN_MANOTAS\CLINICA_SAN_MANOTAS.csproj]
C:\Users\aquil\OneDrive\Escritorio\Nueva carpeta\SENA\MANOTAS\EVALUACI├ôN C#\CLINICA_SAN_MANOTAS\CLINICA_SAN_MANOTAS\CLINICA_SAN_MANOTAS\SistemaEmpleadosMySQL\Repositories\UsuarioRepository.cs(86,24): warning CS8603: Posible tipo de valor devuelto de referencia nulo. [C:\Users\aquil\OneDrive\Escritorio\Nueva carpeta\SENA\MANOTAS\EVALUACI├ôN C#\CLINICA_SAN_MANOTAS\CLINICA_SAN_MANOTAS\CLINICA_SAN_MANOTAS\CLINICA_SAN_MANOTAS.csproj]
C:\Users\aquil\OneDrive\Escritorio\Nueva carpeta\SENA\MANOTAS\EVALUACI├ôN C#\CLINICA_SAN_MANOTAS\CLINICA_SAN_MANOTAS\CLINICA_SAN_MANOTAS\SistemaEmpleadosMySQL\Repositories\UsuarioRepository.cs(112,24): warning CS8603: Posible tipo de valor devuelto de referencia nulo. [C:\Users\aquil\OneDrive\Escritorio\Nueva carpeta\SENA\MANOTAS\EVALUACI├ôN C#\CLINICA_SAN_MANOTAS\CLINICA_SAN_MANOTAS\CLINICA_SAN_MANOTAS\CLINICA_SAN_MANOTAS.csproj]
C:\Users\aquil\OneDrive\Escritorio\Nueva carpeta\SENA\MANOTAS\EVALUACI├ôN C#\CLINICA_SAN_MANOTAS\CLINICA_SAN_MANOTAS\CLINICA_SAN_MANOTAS\SistemaEmpleadosMySQL\Repositories\UsuarioRepository.cs(132,76): warning CS8604: Posible argumento de referencia nulo para el par├ímetro "hash" en "bool SecurityHelper.VerificarContrase├▒a(string contrase├▒a, string hash)". [C:\Users\aquil\OneDrive\Escritorio\Nueva carpeta\SENA\MANOTAS\EVALUACI├ôN C#\CLINICA_SAN_MANOTAS\CLINICA_SAN_MANOTAS\CLINICA_SAN_MANOTAS\CLINICA_SAN_MANOTAS.csproj]
C:\Users\aquil\OneDrive\Escritorio\Nueva carpeta\SENA\MANOTAS\EVALUACI├ôN C#\CLINICA_SAN_MANOTAS\CLINICA_SAN_MANOTAS\CLINICA_SAN_MANOTAS\SistemaEmpleadosMySQL\Repositories\UsuarioRepository.cs(170,76): warning CS8604: Posible argumento de referencia nulo para el par├ímetro "contrase├▒a" en "string SecurityHelper.GenerarHashContrase├▒a(string contrase├▒a)". [C:\Users\aquil\OneDrive\Escritorio\Nueva carpeta\SENA\MANOTAS\EVALUACI├ôN C#\CLINICA_SAN_MANOTAS\CLINICA_SAN_MANOTAS\CLINICA_SAN_MANOTAS\CLINICA_SAN_MANOTAS.csproj]
C:\Users\aquil\OneDrive\Escritorio\Nueva carpeta\SENA\MANOTAS\EVALUACI├ôN C#\CLINICA_SAN_MANOTAS\CLINICA_SAN_MANOTAS\CLINICA_SAN_MANOTAS\SistemaEmpleadosMySQL\UI\Forms\DoctorForm.cs(31,47): warning CS8602: Desreferencia de una referencia posiblemente NULL. [C:\Users\aquil\OneDrive\Escritorio\Nueva carpeta\SENA\MANOTAS\EVALUACI├ôN C#\CLINICA_SAN_MANOTAS\CLINICA_SAN_MANOTAS\CLINICA_SAN_MANOTAS\CLINICA_SAN_MANOTAS.csproj]
C:\Users\aquil\OneDrive\Escritorio\Nueva carpeta\SENA\MANOTAS\EVALUACI├ôN C#\CLINICA_SAN_MANOTAS\CLINICA_SAN_MANOTAS\CLINICA_SAN_MANOTAS\SistemaEmpleadosMySQL\UI\Forms\ReportesForm.cs(60,38): warning CS8602: Desreferencia de una referencia posiblemente NULL. [C:\Users\aquil\OneDrive\Escritorio\Nueva carpeta\SENA\MANOTAS\EVALUACI├ôN C#\CLINICA_SAN_MANOTAS\CLINICA_SAN_MANOTAS\CLINICA_SAN_MANOTAS\CLINICA_SAN_MANOTAS.csproj]
C:\Users\aquil\OneDrive\Escritorio\Nueva carpeta\SENA\MANOTAS\EVALUACI├ôN C#\CLINICA_SAN_MANOTAS\CLINICA_SAN_MANOTAS\CLINICA_SAN_MANOTAS\SistemaEmpleadosMySQL\UI\Forms\ReportesForm.cs(60,38): warning CS8600: Se va a convertir un literal nulo o un posible valor nulo en un tipo que no acepta valores NULL [C:\Users\aquil\OneDrive\Escritorio\Nueva carpeta\SENA\MANOTAS\EVALUACI├ôN C#\CLINICA_SAN_MANOTAS\CLINICA_SAN_MANOTAS\CLINICA_SAN_MANOTAS\CLINICA_SAN_MANOTAS.csproj]
C:\Users\aquil\OneDrive\Escritorio\Nueva carpeta\SENA\MANOTAS\EVALUACI├ôN C#\CLINICA_SAN_MANOTAS\CLINICA_SAN_MANOTAS\CLINICA_SAN_MANOTAS\SistemaEmpleadosMySQL\UI\Forms\MainForm.cs(31,47): warning CS8602: Desreferencia de una referencia posiblemente NULL. [C:\Users\aquil\OneDrive\Escritorio\Nueva carpeta\SENA\MANOTAS\EVALUACI├ôN C#\CLINICA_SAN_MANOTAS\CLINICA_SAN_MANOTAS\CLINICA_SAN_MANOTAS\CLINICA_SAN_MANOTAS.csproj]
C:\Users\aquil\OneDrive\Escritorio\Nueva carpeta\SENA\MANOTAS\EVALUACI├ôN C#\CLINICA_SAN_MANOTAS\CLINICA_SAN_MANOTAS\CLINICA_SAN_MANOTAS\SistemaEmpleadosMySQL\UI\Forms\EspecialidadesForm.cs(56,51): warning CS8622: La nulabilidad de los tipos de referencia del tipo de par├ímetro"sender" de "void EspecialidadesForm.DgvEspecialidades_SelectionChanged(object sender, EventArgs e)" no coincide con el delegado de destino "EventHandler" (posiblemente debido a los atributos de nulabilidad). [C:\Users\aquil\OneDrive\Escritorio\Nueva carpeta\SENA\MANOTAS\EVALUACI├ôN C#\CLINICA_SAN_MANOTAS\CLINICA_SAN_MANOTAS\CLINICA_SAN_MANOTAS\CLINICA_SAN_MANOTAS.csproj]
C:\Users\aquil\OneDrive\Escritorio\Nueva carpeta\SENA\MANOTAS\EVALUACI├ôN C#\CLINICA_SAN_MANOTAS\CLINICA_SAN_MANOTAS\CLINICA_SAN_MANOTAS\SistemaEmpleadosMySQL\UI\Forms\PacientesForm.cs(21,16): warning CS8618: El elemento campo "_pacienteActual" que no acepta valores NULL debe contener un valor distinto de NULL al salir del constructor. Considere la posibilidad de agregar el modificador "required'"o declarar el campo como un valor que acepta valores NULL. [C:\Users\aquil\OneDrive\Escritorio\Nueva carpeta\SENA\MANOTAS\EVALUACI├ôN C#\CLINICA_SAN_MANOTAS\CLINICA_SAN_MANOTAS\CLINICA_SAN_MANOTAS\CLINICA_SAN_MANOTAS.csproj]
C:\Users\aquil\OneDrive\Escritorio\Nueva carpeta\SENA\MANOTAS\EVALUACI├ôN C#\CLINICA_SAN_MANOTAS\CLINICA_SAN_MANOTAS\CLINICA_SAN_MANOTAS\SistemaEmpleadosMySQL\Repositories\UnitOfWork.cs(694,24): warning CS8603: Posible tipo de valor devuelto de referencia nulo. [C:\Users\aquil\OneDrive\Escritorio\Nueva carpeta\SENA\MANOTAS\EVALUACI├ôN C#\CLINICA_SAN_MANOTAS\CLINICA_SAN_MANOTAS\CLINICA_SAN_MANOTAS\CLINICA_SAN_MANOTAS.csproj]
C:\Users\aquil\OneDrive\Escritorio\Nueva carpeta\SENA\MANOTAS\EVALUACI├ôN C#\CLINICA_SAN_MANOTAS\CLINICA_SAN_MANOTAS\CLINICA_SAN_MANOTAS\SistemaEmpleadosMySQL\Repositories\UnitOfWork.cs(719,24): warning CS8603: Posible tipo de valor devuelto de referencia nulo. [C:\Users\aquil\OneDrive\Escritorio\Nueva carpeta\SENA\MANOTAS\EVALUACI├ôN C#\CLINICA_SAN_MANOTAS\CLINICA_SAN_MANOTAS\CLINICA_SAN_MANOTAS\CLINICA_SAN_MANOTAS.csproj]
C:\Users\aquil\OneDrive\Escritorio\Nueva carpeta\SENA\MANOTAS\EVALUACI├ôN C#\CLINICA_SAN_MANOTAS\CLINICA_SAN_MANOTAS\CLINICA_SAN_MANOTAS\SistemaEmpleadosMySQL\UI\Forms\PacientesForm.cs(108,31): warning CS8625: No se puede convertir un literal NULL en un tipo de referencia que no acepta valores NULL. [C:\Users\aquil\OneDrive\Escritorio\Nueva carpeta\SENA\MANOTAS\EVALUACI├ôN C#\CLINICA_SAN_MANOTAS\CLINICA_SAN_MANOTAS\CLINICA_SAN_MANOTAS\CLINICA_SAN_MANOTAS.csproj]
C:\Users\aquil\OneDrive\Escritorio\Nueva carpeta\SENA\MANOTAS\EVALUACI├ôN C#\CLINICA_SAN_MANOTAS\CLINICA_SAN_MANOTAS\CLINICA_SAN_MANOTAS\SistemaEmpleadosMySQL\Repositories\UnitOfWork.cs(661,24): warning CS8603: Posible tipo de valor devuelto de referencia nulo. [C:\Users\aquil\OneDrive\Escritorio\Nueva carpeta\SENA\MANOTAS\EVALUACI├ôN C#\CLINICA_SAN_MANOTAS\CLINICA_SAN_MANOTAS\CLINICA_SAN_MANOTAS\CLINICA_SAN_MANOTAS.csproj]
C:\Users\aquil\OneDrive\Escritorio\Nueva carpeta\SENA\MANOTAS\EVALUACI├ôN C#\CLINICA_SAN_MANOTAS\CLINICA_SAN_MANOTAS\CLINICA_SAN_MANOTAS\SistemaEmpleadosMySQL\UI\Forms\MedicosForm.cs(127,38): warning CS8605: Conversi├│n unboxing a un valor posiblemente NULL. [C:\Users\aquil\OneDrive\Escritorio\Nueva carpeta\SENA\MANOTAS\EVALUACI├ôN C#\CLINICA_SAN_MANOTAS\CLINICA_SAN_MANOTAS\CLINICA_SAN_MANOTAS\CLINICA_SAN_MANOTAS.csproj]
C:\Users\aquil\OneDrive\Escritorio\Nueva carpeta\SENA\MANOTAS\EVALUACI├ôN C#\CLINICA_SAN_MANOTAS\CLINICA_SAN_MANOTAS\CLINICA_SAN_MANOTAS\SistemaEmpleadosMySQL\UI\Forms\PacientesForm.cs(138,39): warning CS8602: Desreferencia de una referencia posiblemente NULL. [C:\Users\aquil\OneDrive\Escritorio\Nueva carpeta\SENA\MANOTAS\EVALUACI├ôN C#\CLINICA_SAN_MANOTAS\CLINICA_SAN_MANOTAS\CLINICA_SAN_MANOTAS\CLINICA_SAN_MANOTAS.csproj]
C:\Users\aquil\OneDrive\Escritorio\Nueva carpeta\SENA\MANOTAS\EVALUACI├ôN C#\CLINICA_SAN_MANOTAS\CLINICA_SAN_MANOTAS\CLINICA_SAN_MANOTAS\SistemaEmpleadosMySQL\UI\Forms\PacientesForm.cs(145,42): warning CS8602: Desreferencia de una referencia posiblemente NULL. [C:\Users\aquil\OneDrive\Escritorio\Nueva carpeta\SENA\MANOTAS\EVALUACI├ôN C#\CLINICA_SAN_MANOTAS\CLINICA_SAN_MANOTAS\CLINICA_SAN_MANOTAS\CLINICA_SAN_MANOTAS.csproj]
C:\Users\aquil\OneDrive\Escritorio\Nueva carpeta\SENA\MANOTAS\EVALUACI├ôN C#\CLINICA_SAN_MANOTAS\CLINICA_SAN_MANOTAS\CLINICA_SAN_MANOTAS\SistemaEmpleadosMySQL\UI\Forms\PacientesForm.cs(158,41): warning CS8602: Desreferencia de una referencia posiblemente NULL. [C:\Users\aquil\OneDrive\Escritorio\Nueva carpeta\SENA\MANOTAS\EVALUACI├ôN C#\CLINICA_SAN_MANOTAS\CLINICA_SAN_MANOTAS\CLINICA_SAN_MANOTAS\CLINICA_SAN_MANOTAS.csproj]
C:\Users\aquil\OneDrive\Escritorio\Nueva carpeta\SENA\MANOTAS\EVALUACI├ôN C#\CLINICA_SAN_MANOTAS\CLINICA_SAN_MANOTAS\CLINICA_SAN_MANOTAS\SistemaEmpleadosMySQL\UI\Forms\PacientesForm.cs(164,41): warning CS8602: Desreferencia de una referencia posiblemente NULL. [C:\Users\aquil\OneDrive\Escritorio\Nueva carpeta\SENA\MANOTAS\EVALUACI├ôN C#\CLINICA_SAN_MANOTAS\CLINICA_SAN_MANOTAS\CLINICA_SAN_MANOTAS\CLINICA_SAN_MANOTAS.csproj]
C:\Users\aquil\OneDrive\Escritorio\Nueva carpeta\SENA\MANOTAS\EVALUACI├ôN C#\CLINICA_SAN_MANOTAS\CLINICA_SAN_MANOTAS\CLINICA_SAN_MANOTAS\SistemaEmpleadosMySQL\UI\Forms\MedicosForm.cs(168,48): warning CS8605: Conversi├│n unboxing a un valor posiblemente NULL. [C:\Users\aquil\OneDrive\Escritorio\Nueva carpeta\SENA\MANOTAS\EVALUACI├ôN C#\CLINICA_SAN_MANOTAS\CLINICA_SAN_MANOTAS\CLINICA_SAN_MANOTAS\CLINICA_SAN_MANOTAS.csproj]
C:\Users\aquil\OneDrive\Escritorio\Nueva carpeta\SENA\MANOTAS\EVALUACI├ôN C#\CLINICA_SAN_MANOTAS\CLINICA_SAN_MANOTAS\CLINICA_SAN_MANOTAS\SistemaEmpleadosMySQL\UI\Forms\PacientesForm.cs(238,45): warning CS8602: Desreferencia de una referencia posiblemente NULL. [C:\Users\aquil\OneDrive\Escritorio\Nueva carpeta\SENA\MANOTAS\EVALUACI├ôN C#\CLINICA_SAN_MANOTAS\CLINICA_SAN_MANOTAS\CLINICA_SAN_MANOTAS\CLINICA_SAN_MANOTAS.csproj]
C:\Users\aquil\OneDrive\Escritorio\Nueva carpeta\SENA\MANOTAS\EVALUACI├ôN C#\CLINICA_SAN_MANOTAS\CLINICA_SAN_MANOTAS\CLINICA_SAN_MANOTAS\SistemaEmpleadosMySQL\UI\Forms\ReportesForm.cs(188,42): warning CS8602: Desreferencia de una referencia posiblemente NULL. [C:\Users\aquil\OneDrive\Escritorio\Nueva carpeta\SENA\MANOTAS\EVALUACI├ôN C#\CLINICA_SAN_MANOTAS\CLINICA_SAN_MANOTAS\CLINICA_SAN_MANOTAS\CLINICA_SAN_MANOTAS.csproj]
C:\Users\aquil\OneDrive\Escritorio\Nueva carpeta\SENA\MANOTAS\EVALUACI├ôN C#\CLINICA_SAN_MANOTAS\CLINICA_SAN_MANOTAS\CLINICA_SAN_MANOTAS\SistemaEmpleadosMySQL\UI\Forms\RecepcionForm.cs(31,47): warning CS8602: Desreferencia de una referencia posiblemente NULL. [C:\Users\aquil\OneDrive\Escritorio\Nueva carpeta\SENA\MANOTAS\EVALUACI├ôN C#\CLINICA_SAN_MANOTAS\CLINICA_SAN_MANOTAS\CLINICA_SAN_MANOTAS\CLINICA_SAN_MANOTAS.csproj]
C:\Users\aquil\OneDrive\Escritorio\Nueva carpeta\SENA\MANOTAS\EVALUACI├ôN C#\CLINICA_SAN_MANOTAS\CLINICA_SAN_MANOTAS\CLINICA_SAN_MANOTAS\SistemaEmpleadosMySQL\Repositories\UnitOfWork.cs(256,24): warning CS8603: Posible tipo de valor devuelto de referencia nulo. [C:\Users\aquil\OneDrive\Escritorio\Nueva carpeta\SENA\MANOTAS\EVALUACI├ôN C#\CLINICA_SAN_MANOTAS\CLINICA_SAN_MANOTAS\CLINICA_SAN_MANOTAS\CLINICA_SAN_MANOTAS.csproj]
C:\Users\aquil\OneDrive\Escritorio\Nueva carpeta\SENA\MANOTAS\EVALUACI├ôN C#\CLINICA_SAN_MANOTAS\CLINICA_SAN_MANOTAS\CLINICA_SAN_MANOTAS\SistemaEmpleadosMySQL\UI\Forms\ReportesForm.cs(224,40): warning CS8602: Desreferencia de una referencia posiblemente NULL. [C:\Users\aquil\OneDrive\Escritorio\Nueva carpeta\SENA\MANOTAS\EVALUACI├ôN C#\CLINICA_SAN_MANOTAS\CLINICA_SAN_MANOTAS\CLINICA_SAN_MANOTAS\CLINICA_SAN_MANOTAS.csproj]
C:\Users\aquil\OneDrive\Escritorio\Nueva carpeta\SENA\MANOTAS\EVALUACI├ôN C#\CLINICA_SAN_MANOTAS\CLINICA_SAN_MANOTAS\CLINICA_SAN_MANOTAS\SistemaEmpleadosMySQL\Repositories\UnitOfWork.cs(47,16): warning CS8618: El elemento campo "_usuarioRepository" que no acepta valores NULL debe contener un valor distinto de NULL al salir del constructor. Considere la posibilidad de agregar el modificador "required'"o declarar el campo como un valor que acepta valores NULL. [C:\Users\aquil\OneDrive\Escritorio\Nueva carpeta\SENA\MANOTAS\EVALUACI├ôN C#\CLINICA_SAN_MANOTAS\CLINICA_SAN_MANOTAS\CLINICA_SAN_MANOTAS\CLINICA_SAN_MANOTAS.csproj]
C:\Users\aquil\OneDrive\Escritorio\Nueva carpeta\SENA\MANOTAS\EVALUACI├ôN C#\CLINICA_SAN_MANOTAS\CLINICA_SAN_MANOTAS\CLINICA_SAN_MANOTAS\SistemaEmpleadosMySQL\Repositories\UnitOfWork.cs(47,16): warning CS8618: El elemento campo "_pacienteRepository" que no acepta valores NULL debe contener un valor distinto de NULL al salir del constructor. Considere la posibilidad de agregar el modificador "required'"o declarar el campo como un valor que acepta valores NULL. [C:\Users\aquil\OneDrive\Escritorio\Nueva carpeta\SENA\MANOTAS\EVALUACI├ôN C#\CLINICA_SAN_MANOTAS\CLINICA_SAN_MANOTAS\CLINICA_SAN_MANOTAS\CLINICA_SAN_MANOTAS.csproj]
C:\Users\aquil\OneDrive\Escritorio\Nueva carpeta\SENA\MANOTAS\EVALUACI├ôN C#\CLINICA_SAN_MANOTAS\CLINICA_SAN_MANOTAS\CLINICA_SAN_MANOTAS\SistemaEmpleadosMySQL\Repositories\UnitOfWork.cs(47,16): warning CS8618: El elemento campo "_medicoRepository" que no acepta valores NULL debe contener un valor distinto de NULL al salir del constructor. Considere la posibilidad de agregar el modificador "required'"o declarar el campo como un valor que acepta valores NULL. [C:\Users\aquil\OneDrive\Escritorio\Nueva carpeta\SENA\MANOTAS\EVALUACI├ôN C#\CLINICA_SAN_MANOTAS\CLINICA_SAN_MANOTAS\CLINICA_SAN_MANOTAS\CLINICA_SAN_MANOTAS.csproj]
C:\Users\aquil\OneDrive\Escritorio\Nueva carpeta\SENA\MANOTAS\EVALUACI├ôN C#\CLINICA_SAN_MANOTAS\CLINICA_SAN_MANOTAS\CLINICA_SAN_MANOTAS\SistemaEmpleadosMySQL\Repositories\UnitOfWork.cs(47,16): warning CS8618: El elemento campo "_citaRepository" que no acepta valores NULL debe contener un valor distinto de NULL al salir del constructor. Considere la posibilidad de agregar el modificador "required'"o declarar el campo como un valor que acepta valores NULL. [C:\Users\aquil\OneDrive\Escritorio\Nueva carpeta\SENA\MANOTAS\EVALUACI├ôN C#\CLINICA_SAN_MANOTAS\CLINICA_SAN_MANOTAS\CLINICA_SAN_MANOTAS\CLINICA_SAN_MANOTAS.csproj]
C:\Users\aquil\OneDrive\Escritorio\Nueva carpeta\SENA\MANOTAS\EVALUACI├ôN C#\CLINICA_SAN_MANOTAS\CLINICA_SAN_MANOTAS\CLINICA_SAN_MANOTAS\SistemaEmpleadosMySQL\Repositories\UnitOfWork.cs(47,16): warning CS8618: El elemento campo "_especialidadRepository" que no acepta valores NULL debe contener un valor distinto de NULL al salir del constructor. Considere la posibilidad de agregar el modificador "required'"o declarar el campo como un valor que acepta valores NULL. [C:\Users\aquil\OneDrive\Escritorio\Nueva carpeta\SENA\MANOTAS\EVALUACI├ôN C#\CLINICA_SAN_MANOTAS\CLINICA_SAN_MANOTAS\CLINICA_SAN_MANOTAS\CLINICA_SAN_MANOTAS.csproj]
C:\Users\aquil\OneDrive\Escritorio\Nueva carpeta\SENA\MANOTAS\EVALUACI├ôN C#\CLINICA_SAN_MANOTAS\CLINICA_SAN_MANOTAS\CLINICA_SAN_MANOTAS\SistemaEmpleadosMySQL\Repositories\UnitOfWork.cs(47,16): warning CS8618: El elemento campo "_epsRepository" que no acepta valores NULL debe contener un valor distinto de NULL al salir del constructor. Considere la posibilidad de agregar el modificador "required'"o declarar el campo como un valor que acepta valores NULL. [C:\Users\aquil\OneDrive\Escritorio\Nueva carpeta\SENA\MANOTAS\EVALUACI├ôN C#\CLINICA_SAN_MANOTAS\CLINICA_SAN_MANOTAS\CLINICA_SAN_MANOTAS\CLINICA_SAN_MANOTAS.csproj]
C:\Users\aquil\OneDrive\Escritorio\Nueva carpeta\SENA\MANOTAS\EVALUACI├ôN C#\CLINICA_SAN_MANOTAS\CLINICA_SAN_MANOTAS\CLINICA_SAN_MANOTAS\SistemaEmpleadosMySQL\Repositories\UnitOfWork.cs(47,16): warning CS8618: El elemento campo "_auditLogRepository" que no acepta valores NULL debe contener un valor distinto de NULL al salir del constructor. Considere la posibilidad de agregar el modificador "required'"o declarar el campo como un valor que acepta valores NULL. [C:\Users\aquil\OneDrive\Escritorio\Nueva carpeta\SENA\MANOTAS\EVALUACI├ôN C#\CLINICA_SAN_MANOTAS\CLINICA_SAN_MANOTAS\CLINICA_SAN_MANOTAS\CLINICA_SAN_MANOTAS.csproj]
C:\Users\aquil\OneDrive\Escritorio\Nueva carpeta\SENA\MANOTAS\EVALUACI├ôN C#\CLINICA_SAN_MANOTAS\CLINICA_SAN_MANOTAS\CLINICA_SAN_MANOTAS\SistemaEmpleadosMySQL\Repositories\UnitOfWork.cs(47,16): warning CS8618: El elemento campo "_transaction" que no acepta valores NULL debe contener un valor distinto de NULL al salir del constructor. Considere la posibilidad de agregar el modificador "required'"o declarar el campo como un valor que acepta valores NULL. [C:\Users\aquil\OneDrive\Escritorio\Nueva carpeta\SENA\MANOTAS\EVALUACI├ôN C#\CLINICA_SAN_MANOTAS\CLINICA_SAN_MANOTAS\CLINICA_SAN_MANOTAS\CLINICA_SAN_MANOTAS.csproj]
C:\Users\aquil\OneDrive\Escritorio\Nueva carpeta\SENA\MANOTAS\EVALUACI├ôN C#\CLINICA_SAN_MANOTAS\CLINICA_SAN_MANOTAS\CLINICA_SAN_MANOTAS\SistemaEmpleadosMySQL\Repositories\UnitOfWork.cs(382,24): warning CS8603: Posible tipo de valor devuelto de referencia nulo. [C:\Users\aquil\OneDrive\Escritorio\Nueva carpeta\SENA\MANOTAS\EVALUACI├ôN C#\CLINICA_SAN_MANOTAS\CLINICA_SAN_MANOTAS\CLINICA_SAN_MANOTAS\CLINICA_SAN_MANOTAS.csproj]
C:\Users\aquil\OneDrive\Escritorio\Nueva carpeta\SENA\MANOTAS\EVALUACI├ôN C#\CLINICA_SAN_MANOTAS\CLINICA_SAN_MANOTAS\CLINICA_SAN_MANOTAS\SistemaEmpleadosMySQL\Repositories\Repository.cs(71,24): warning CS8603: Posible tipo de valor devuelto de referencia nulo. [C:\Users\aquil\OneDrive\Escritorio\Nueva carpeta\SENA\MANOTAS\EVALUACI├ôN C#\CLINICA_SAN_MANOTAS\CLINICA_SAN_MANOTAS\CLINICA_SAN_MANOTAS\CLINICA_SAN_MANOTAS.csproj]
C:\Users\aquil\OneDrive\Escritorio\Nueva carpeta\SENA\MANOTAS\EVALUACI├ôN C#\CLINICA_SAN_MANOTAS\CLINICA_SAN_MANOTAS\CLINICA_SAN_MANOTAS\SistemaEmpleadosMySQL\Repositories\UnitOfWork.cs(174,36): warning CS8625: No se puede convertir un literal NULL en un tipo de referencia que no acepta valores NULL. [C:\Users\aquil\OneDrive\Escritorio\Nueva carpeta\SENA\MANOTAS\EVALUACI├ôN C#\CLINICA_SAN_MANOTAS\CLINICA_SAN_MANOTAS\CLINICA_SAN_MANOTAS\CLINICA_SAN_MANOTAS.csproj]
C:\Users\aquil\OneDrive\Escritorio\Nueva carpeta\SENA\MANOTAS\EVALUACI├ôN C#\CLINICA_SAN_MANOTAS\CLINICA_SAN_MANOTAS\CLINICA_SAN_MANOTAS\SistemaEmpleadosMySQL\Repositories\UnitOfWork.cs(192,36): warning CS8625: No se puede convertir un literal NULL en un tipo de referencia que no acepta valores NULL. [C:\Users\aquil\OneDrive\Escritorio\Nueva carpeta\SENA\MANOTAS\EVALUACI├ôN C#\CLINICA_SAN_MANOTAS\CLINICA_SAN_MANOTAS\CLINICA_SAN_MANOTAS\CLINICA_SAN_MANOTAS.csproj]
C:\Users\aquil\OneDrive\Escritorio\Nueva carpeta\SENA\MANOTAS\EVALUACI├ôN C#\CLINICA_SAN_MANOTAS\CLINICA_SAN_MANOTAS\CLINICA_SAN_MANOTAS\SistemaEmpleadosMySQL\UI\Forms\ReportesForm.cs(261,38): warning CS8604: Posible argumento de referencia nulo para el par├ímetro "source" en "IEnumerable<Cita> Enumerable.Where<Cita>(IEnumerable<Cita> source, Func<Cita, bool> predicate)". [C:\Users\aquil\OneDrive\Escritorio\Nueva carpeta\SENA\MANOTAS\EVALUACI├ôN C#\CLINICA_SAN_MANOTAS\CLINICA_SAN_MANOTAS\CLINICA_SAN_MANOTAS\CLINICA_SAN_MANOTAS.csproj]
C:\Users\aquil\OneDrive\Escritorio\Nueva carpeta\SENA\MANOTAS\EVALUACI├ôN C#\CLINICA_SAN_MANOTAS\CLINICA_SAN_MANOTAS\CLINICA_SAN_MANOTAS\SistemaEmpleadosMySQL\UI\Forms\ReportesForm.cs(307,46): warning CS8602: Desreferencia de una referencia posiblemente NULL. [C:\Users\aquil\OneDrive\Escritorio\Nueva carpeta\SENA\MANOTAS\EVALUACI├ôN C#\CLINICA_SAN_MANOTAS\CLINICA_SAN_MANOTAS\CLINICA_SAN_MANOTAS\CLINICA_SAN_MANOTAS.csproj]
C:\Users\aquil\OneDrive\Escritorio\Nueva carpeta\SENA\MANOTAS\EVALUACI├ôN C#\CLINICA_SAN_MANOTAS\CLINICA_SAN_MANOTAS\CLINICA_SAN_MANOTAS\SistemaEmpleadosMySQL\UI\Forms\ReportesForm.cs(345,41): warning CS8602: Desreferencia de una referencia posiblemente NULL. [C:\Users\aquil\OneDrive\Escritorio\Nueva carpeta\SENA\MANOTAS\EVALUACI├ôN C#\CLINICA_SAN_MANOTAS\CLINICA_SAN_MANOTAS\CLINICA_SAN_MANOTAS\CLINICA_SAN_MANOTAS.csproj]
C:\Users\aquil\OneDrive\Escritorio\Nueva carpeta\SENA\MANOTAS\EVALUACI├ôN C#\CLINICA_SAN_MANOTAS\CLINICA_SAN_MANOTAS\CLINICA_SAN_MANOTAS\SistemaEmpleadosMySQL\UI\Forms\MedicosForm.cs(18,21): warning CS0414: El campo 'MedicosForm._paginaActual' est├í asignado pero su valor nunca se usa [C:\Users\aquil\OneDrive\Escritorio\Nueva carpeta\SENA\MANOTAS\EVALUACI├ôN C#\CLINICA_SAN_MANOTAS\CLINICA_SAN_MANOTAS\CLINICA_SAN_MANOTAS\CLINICA_SAN_MANOTAS.csproj]
C:\Users\aquil\OneDrive\Escritorio\Nueva carpeta\SENA\MANOTAS\EVALUACI├ôN C#\CLINICA_SAN_MANOTAS\CLINICA_SAN_MANOTAS\CLINICA_SAN_MANOTAS\SistemaEmpleadosMySQL\UI\Forms\UsuariosForm.cs(116,21): error CS0117: 'Usuario' no contiene una definici├│n para 'Rol' [C:\Users\aquil\OneDrive\Escritorio\Nueva carpeta\SENA\MANOTAS\EVALUACI├ôN C#\CLINICA_SAN_MANOTAS\CLINICA_SAN_MANOTAS\CLINICA_SAN_MANOTAS\CLINICA_SAN_MANOTAS.csproj]
C:\Users\aquil\OneDrive\Escritorio\Nueva carpeta\SENA\MANOTAS\EVALUACI├ôN C#\CLINICA_SAN_MANOTAS\CLINICA_SAN_MANOTAS\CLINICA_SAN_MANOTAS\SistemaEmpleadosMySQL\UI\Forms\CitasForm.cs(154,29): error CS0103: El nombre 'txtNotas' no existe en el contexto actual [C:\Users\aquil\OneDrive\Escritorio\Nueva carpeta\SENA\MANOTAS\EVALUACI├ôN C#\CLINICA_SAN_MANOTAS\CLINICA_SAN_MANOTAS\CLINICA_SAN_MANOTAS\CLINICA_SAN_MANOTAS.csproj]
C:\Users\aquil\OneDrive\Escritorio\Nueva carpeta\SENA\MANOTAS\EVALUACI├ôN C#\CLINICA_SAN_MANOTAS\CLINICA_SAN_MANOTAS\CLINICA_SAN_MANOTAS\SistemaEmpleadosMySQL\UI\Forms\CitasForm.cs(192,37): error CS0103: El nombre 'txtNotas' no existe en el contexto actual [C:\Users\aquil\OneDrive\Escritorio\Nueva carpeta\SENA\MANOTAS\EVALUACI├ôN C#\CLINICA_SAN_MANOTAS\CLINICA_SAN_MANOTAS\CLINICA_SAN_MANOTAS\CLINICA_SAN_MANOTAS.csproj]
C:\Users\aquil\OneDrive\Escritorio\Nueva carpeta\SENA\MANOTAS\EVALUACI├ôN C#\CLINICA_SAN_MANOTAS\CLINICA_SAN_MANOTAS\CLINICA_SAN_MANOTAS\SistemaEmpleadosMySQL\UI\Forms\CitasForm.cs(222,46): error CS1503: Argumento 1: no se puede convertir de 'int' a 'SistemaEmpleadosMySQL.Model.Cita' [C:\Users\aquil\OneDrive\Escritorio\Nueva carpeta\SENA\MANOTAS\EVALUACI├ôN C#\CLINICA_SAN_MANOTAS\CLINICA_SAN_MANOTAS\CLINICA_SAN_MANOTAS\CLINICA_SAN_MANOTAS.csproj]
C:\Users\aquil\OneDrive\Escritorio\Nueva carpeta\SENA\MANOTAS\EVALUACI├ôN C#\CLINICA_SAN_MANOTAS\CLINICA_SAN_MANOTAS\CLINICA_SAN_MANOTAS\SistemaEmpleadosMySQL\UI\Forms\CitasForm.cs(254,21): error CS0103: El nombre 'txtNotas' no existe en el contexto actual [C:\Users\aquil\OneDrive\Escritorio\Nueva carpeta\SENA\MANOTAS\EVALUACI├ôN C#\CLINICA_SAN_MANOTAS\CLINICA_SAN_MANOTAS\CLINICA_SAN_MANOTAS\CLINICA_SAN_MANOTAS.csproj]
C:\Users\aquil\OneDrive\Escritorio\Nueva carpeta\SENA\MANOTAS\EVALUACI├ôN C#\CLINICA_SAN_MANOTAS\CLINICA_SAN_MANOTAS\CLINICA_SAN_MANOTAS\SistemaEmpleadosMySQL\UI\Forms\CitasForm.cs(272,13): error CS0103: El nombre 'txtNotas' no existe en el contexto actual [C:\Users\aquil\OneDrive\Escritorio\Nueva carpeta\SENA\MANOTAS\EVALUACI├ôN C#\CLINICA_SAN_MANOTAS\CLINICA_SAN_MANOTAS\CLINICA_SAN_MANOTAS\CLINICA_SAN_MANOTAS.csproj]
C:\Users\aquil\OneDrive\Escritorio\Nueva carpeta\SENA\MANOTAS\EVALUACI├ôN C#\CLINICA_SAN_MANOTAS\CLINICA_SAN_MANOTAS\CLINICA_SAN_MANOTAS\SistemaEmpleadosMySQL\UI\Forms\MedicosForm.cs(104,17): error CS0103: El nombre 'lblTotal' no existe en el contexto actual [C:\Users\aquil\OneDrive\Escritorio\Nueva carpeta\SENA\MANOTAS\EVALUACI├ôN C#\CLINICA_SAN_MANOTAS\CLINICA_SAN_MANOTAS\CLINICA_SAN_MANOTAS\CLINICA_SAN_MANOTAS.csproj]
C:\Users\aquil\OneDrive\Escritorio\Nueva carpeta\SENA\MANOTAS\EVALUACI├ôN C#\CLINICA_SAN_MANOTAS\CLINICA_SAN_MANOTAS\CLINICA_SAN_MANOTAS\SistemaEmpleadosMySQL\UI\Forms\EspecialidadesForm.cs(165,48): error CS1061: "IEnumerable<Medico>" no contiene una definici├│n para "FindAll" ni un m├®todo de extensi├│n accesible "FindAll" que acepte un primer argumento del tipo "IEnumerable<Medico>" (┬┐falta alguna directiva using o una referencia de ensamblado?) [C:\Users\aquil\OneDrive\Escritorio\Nueva carpeta\SENA\MANOTAS\EVALUACI├ôN C#\CLINICA_SAN_MANOTAS\CLINICA_SAN_MANOTAS\CLINICA_SAN_MANOTAS\CLINICA_SAN_MANOTAS.csproj]
C:\Users\aquil\OneDrive\Escritorio\Nueva carpeta\SENA\MANOTAS\EVALUACI├ôN C#\CLINICA_SAN_MANOTAS\CLINICA_SAN_MANOTAS\CLINICA_SAN_MANOTAS\SistemaEmpleadosMySQL\UI\Forms\ReportesForm.cs(105,48): error CS8978: 'No se puede hacer que 'grupo de m├®todos' acepte valores NULL. [C:\Users\aquil\OneDrive\Escritorio\Nueva carpeta\SENA\MANOTAS\EVALUACI├ôN C#\CLINICA_SAN_MANOTAS\CLINICA_SAN_MANOTAS\CLINICA_SAN_MANOTAS\CLINICA_SAN_MANOTAS.csproj]
C:\Users\aquil\OneDrive\Escritorio\Nueva carpeta\SENA\MANOTAS\EVALUACI├ôN C#\CLINICA_SAN_MANOTAS\CLINICA_SAN_MANOTAS\CLINICA_SAN_MANOTAS\SistemaEmpleadosMySQL\UI\Forms\ReportesForm.cs(115,44): error CS8978: 'No se puede hacer que 'grupo de m├®todos' acepte valores NULL. [C:\Users\aquil\OneDrive\Escritorio\Nueva carpeta\SENA\MANOTAS\EVALUACI├ôN C#\CLINICA_SAN_MANOTAS\CLINICA_SAN_MANOTAS\CLINICA_SAN_MANOTAS\CLINICA_SAN_MANOTAS.csproj]
C:\Users\aquil\OneDrive\Escritorio\Nueva carpeta\SENA\MANOTAS\EVALUACI├ôN C#\CLINICA_SAN_MANOTAS\CLINICA_SAN_MANOTAS\CLINICA_SAN_MANOTAS\SistemaEmpleadosMySQL\UI\Forms\ReportesForm.cs(125,40): error CS8978: 'No se puede hacer que 'grupo de m├®todos' acepte valores NULL. [C:\Users\aquil\OneDrive\Escritorio\Nueva carpeta\SENA\MANOTAS\EVALUACI├ôN C#\CLINICA_SAN_MANOTAS\CLINICA_SAN_MANOTAS\CLINICA_SAN_MANOTAS\CLINICA_SAN_MANOTAS.csproj]
C:\Users\aquil\OneDrive\Escritorio\Nueva carpeta\SENA\MANOTAS\EVALUACI├ôN C#\CLINICA_SAN_MANOTAS\CLINICA_SAN_MANOTAS\CLINICA_SAN_MANOTAS\SistemaEmpleadosMySQL\UI\Forms\ReportesForm.cs(140,58): error CS8978: 'No se puede hacer que 'grupo de m├®todos' acepte valores NULL. [C:\Users\aquil\OneDrive\Escritorio\Nueva carpeta\SENA\MANOTAS\EVALUACI├ôN C#\CLINICA_SAN_MANOTAS\CLINICA_SAN_MANOTAS\CLINICA_SAN_MANOTAS\CLINICA_SAN_MANOTAS.csproj]
C:\Users\aquil\OneDrive\Escritorio\Nueva carpeta\SENA\MANOTAS\EVALUACI├ôN C#\CLINICA_SAN_MANOTAS\CLINICA_SAN_MANOTAS\CLINICA_SAN_MANOTAS\SistemaEmpleadosMySQL\UI\Forms\ReportesForm.cs(147,46): error CS8978: 'No se puede hacer que 'grupo de m├®todos' acepte valores NULL. [C:\Users\aquil\OneDrive\Escritorio\Nueva carpeta\SENA\MANOTAS\EVALUACI├ôN C#\CLINICA_SAN_MANOTAS\CLINICA_SAN_MANOTAS\CLINICA_SAN_MANOTAS\CLINICA_SAN_MANOTAS.csproj]
C:\Users\aquil\OneDrive\Escritorio\Nueva carpeta\SENA\MANOTAS\EVALUACI├ôN C#\CLINICA_SAN_MANOTAS\CLINICA_SAN_MANOTAS\CLINICA_SAN_MANOTAS\SistemaEmpleadosMySQL\UI\Forms\MedicosForm.cs(202,48): error CS1503: Argumento 1: no se puede convertir de 'int' a 'SistemaEmpleadosMySQL.Model.Medico' [C:\Users\aquil\OneDrive\Escritorio\Nueva carpeta\SENA\MANOTAS\EVALUACI├ôN C#\CLINICA_SAN_MANOTAS\CLINICA_SAN_MANOTAS\CLINICA_SAN_MANOTAS\CLINICA_SAN_MANOTAS.csproj]
C:\Users\aquil\OneDrive\Escritorio\Nueva carpeta\SENA\MANOTAS\EVALUACI├ôN C#\CLINICA_SAN_MANOTAS\CLINICA_SAN_MANOTAS\CLINICA_SAN_MANOTAS\SistemaEmpleadosMySQL\UI\Forms\ReportesForm.cs(179,42): error CS0019: El operador '==' no se puede aplicar a operandos del tipo 'grupo de m├®todos' y 'int' [C:\Users\aquil\OneDrive\Escritorio\Nueva carpeta\SENA\MANOTAS\EVALUACI├ôN C#\CLINICA_SAN_MANOTAS\CLINICA_SAN_MANOTAS\CLINICA_SAN_MANOTAS\CLINICA_SAN_MANOTAS.csproj]
C:\Users\aquil\OneDrive\Escritorio\Nueva carpeta\SENA\MANOTAS\EVALUACI├ôN C#\CLINICA_SAN_MANOTAS\CLINICA_SAN_MANOTAS\CLINICA_SAN_MANOTAS\SistemaEmpleadosMySQL\UI\Forms\ReportesForm.cs(215,40): error CS0019: El operador '==' no se puede aplicar a operandos del tipo 'grupo de m├®todos' y 'int' [C:\Users\aquil\OneDrive\Escritorio\Nueva carpeta\SENA\MANOTAS\EVALUACI├ôN C#\CLINICA_SAN_MANOTAS\CLINICA_SAN_MANOTAS\CLINICA_SAN_MANOTAS\CLINICA_SAN_MANOTAS.csproj]
C:\Users\aquil\OneDrive\Escritorio\Nueva carpeta\SENA\MANOTAS\EVALUACI├ôN C#\CLINICA_SAN_MANOTAS\CLINICA_SAN_MANOTAS\CLINICA_SAN_MANOTAS\SistemaEmpleadosMySQL\UI\Forms\ReportesForm.cs(230,131): error CS1061: "Medico" no contiene una definici├│n para "LicenciaNumber" ni un m├®todo de extensi├│n accesible "LicenciaNumber" que acepte un primer argumento del tipo "Medico" (┬┐falta alguna directiva using o una referencia de ensamblado?) [C:\Users\aquil\OneDrive\Escritorio\Nueva carpeta\SENA\MANOTAS\EVALUACI├ôN C#\CLINICA_SAN_MANOTAS\CLINICA_SAN_MANOTAS\CLINICA_SAN_MANOTAS\CLINICA_SAN_MANOTAS.csproj]
C:\Users\aquil\OneDrive\Escritorio\Nueva carpeta\SENA\MANOTAS\EVALUACI├ôN C#\CLINICA_SAN_MANOTAS\CLINICA_SAN_MANOTAS\CLINICA_SAN_MANOTAS\SistemaEmpleadosMySQL\UI\Forms\ReportesForm.cs(255,38): error CS0019: El operador '==' no se puede aplicar a operandos del tipo 'grupo de m├®todos' y 'int' [C:\Users\aquil\OneDrive\Escritorio\Nueva carpeta\SENA\MANOTAS\EVALUACI├ôN C#\CLINICA_SAN_MANOTAS\CLINICA_SAN_MANOTAS\CLINICA_SAN_MANOTAS\CLINICA_SAN_MANOTAS.csproj]
C:\Users\aquil\OneDrive\Escritorio\Nueva carpeta\SENA\MANOTAS\EVALUACI├ôN C#\CLINICA_SAN_MANOTAS\CLINICA_SAN_MANOTAS\CLINICA_SAN_MANOTAS\SistemaEmpleadosMySQL\UI\Forms\ReportesForm.cs(298,47): error CS0019: El operador '==' no se puede aplicar a operandos del tipo 'grupo de m├®todos' y 'int' [C:\Users\aquil\OneDrive\Escritorio\Nueva carpeta\SENA\MANOTAS\EVALUACI├ôN C#\CLINICA_SAN_MANOTAS\CLINICA_SAN_MANOTAS\CLINICA_SAN_MANOTAS\CLINICA_SAN_MANOTAS.csproj]
C:\Users\aquil\OneDrive\Escritorio\Nueva carpeta\SENA\MANOTAS\EVALUACI├ôN C#\CLINICA_SAN_MANOTAS\CLINICA_SAN_MANOTAS\CLINICA_SAN_MANOTAS\SistemaEmpleadosMySQL\UI\Forms\ReportesForm.cs(336,41): error CS0019: El operador '==' no se puede aplicar a operandos del tipo 'grupo de m├®todos' y 'int' [C:\Users\aquil\OneDrive\Escritorio\Nueva carpeta\SENA\MANOTAS\EVALUACI├ôN C#\CLINICA_SAN_MANOTAS\CLINICA_SAN_MANOTAS\CLINICA_SAN_MANOTAS\CLINICA_SAN_MANOTAS.csproj]
    50 Advertencia(s)
    20 Errores

Tiempo transcurrido 00:00:02.74
