  Determinando los proyectos que se van a restaurar...
  Todos los proyectos est├ín actualizados para la restauraci├│n.
  CLINICA_SAN_MANOTAS -> C:\Users\aquil\OneDrive\Escritorio\Nueva carpeta\SENA\MANOTAS\EVALUACI├ôN C#\CLINICA_SAN_MANOTAS\CLINICA_SAN_MANOTAS\CLINICA_SAN_MANOTAS\bin\Debug\net8.0-windows\CLINICA_SAN_MANOTAS.dll

Compilaci├│n correcta.
    0 Advertencia(s)
    0 Errores

Tiempo transcurrido 00:00:02.28
